Archive member included to satisfy reference by file (symbol)

app/libapp.a(sample_usbd_init.c.obj)
                              (--whole-archive)
app/libapp.a(main.c.obj)      (--whole-archive)
zephyr/libzephyr.a(validate_libc.c.obj)
                              (--whole-archive)
zephyr/libzephyr.a(heap.c.obj)
                              (--whole-archive)
zephyr/libzephyr.a(cbprintf_packaged.c.obj)
                              (--whole-archive)
zephyr/libzephyr.a(clock.c.obj)
                              (--whole-archive)
zephyr/libzephyr.a(printk.c.obj)
                              (--whole-archive)
zephyr/libzephyr.a(sem.c.obj)
                              (--whole-archive)
zephyr/libzephyr.a(thread_entry.c.obj)
                              (--whole-archive)
zephyr/libzephyr.a(cbprintf_complete.c.obj)
                              (--whole-archive)
zephyr/libzephyr.a(assert.c.obj)
                              (--whole-archive)
zephyr/libzephyr.a(mpsc_pbuf.c.obj)
                              (--whole-archive)
zephyr/libzephyr.a(dec.c.obj)
                              (--whole-archive)
zephyr/libzephyr.a(hex.c.obj)
                              (--whole-archive)
zephyr/libzephyr.a(rb.c.obj)  (--whole-archive)
zephyr/libzephyr.a(timeutil.c.obj)
                              (--whole-archive)
zephyr/libzephyr.a(bitarray.c.obj)
                              (--whole-archive)
zephyr/libzephyr.a(bitmask.c.obj)
                              (--whole-archive)
zephyr/libzephyr.a(getopt.c.obj)
                              (--whole-archive)
zephyr/libzephyr.a(getopt_common.c.obj)
                              (--whole-archive)
zephyr/libzephyr.a(ring_buffer.c.obj)
                              (--whole-archive)
zephyr/libzephyr.a(last_section_id.c.obj)
                              (--whole-archive)
zephyr/libzephyr.a(configs.c.obj)
                              (--whole-archive)
zephyr/libzephyr.a(stm32cube_hal.c.obj)
                              (--whole-archive)
zephyr/libzephyr.a(soc_config.c.obj)
                              (--whole-archive)
zephyr/libzephyr.a(stm32_cache.c.obj)
                              (--whole-archive)
zephyr/libzephyr.a(stm32_backup_domain.c.obj)
                              (--whole-archive)
zephyr/libzephyr.a(soc_m7.c.obj)
                              (--whole-archive)
zephyr/libzephyr.a(mpu_regions.c.obj)
                              (--whole-archive)
zephyr/libzephyr.a(log_core.c.obj)
                              (--whole-archive)
zephyr/libzephyr.a(log_mgmt.c.obj)
                              (--whole-archive)
zephyr/libzephyr.a(log_cache.c.obj)
                              (--whole-archive)
zephyr/libzephyr.a(log_msg.c.obj)
                              (--whole-archive)
zephyr/libzephyr.a(log_output.c.obj)
                              (--whole-archive)
zephyr/libzephyr.a(log_backend_uart.c.obj)
                              (--whole-archive)
zephyr/libzephyr.a(mem_attr.c.obj)
                              (--whole-archive)
zephyr/libzephyr.a(tracing_none.c.obj)
                              (--whole-archive)
zephyr/arch/common/libarch__common.a(sw_isr_common.c.obj)
                              (--whole-archive)
zephyr/arch/common/libarch__common.a(init.c.obj)
                              (--whole-archive)
zephyr/arch/common/libarch__common.a(xip.c.obj)
                              (--whole-archive)
zephyr/arch/arch/arm/core/libarch__arm__core.a(fatal.c.obj)
                              (--whole-archive)
zephyr/arch/arch/arm/core/libarch__arm__core.a(nmi.c.obj)
                              (--whole-archive)
zephyr/arch/arch/arm/core/libarch__arm__core.a(nmi_on_reset.S.obj)
                              (--whole-archive)
zephyr/arch/arch/arm/core/libarch__arm__core.a(tls.c.obj)
                              (--whole-archive)
zephyr/arch/arch/arm/core/cortex_m/libarch__arm__core__cortex_m.a(exc_exit.c.obj)
                              (--whole-archive)
zephyr/arch/arch/arm/core/cortex_m/libarch__arm__core__cortex_m.a(fault.c.obj)
                              (--whole-archive)
zephyr/arch/arch/arm/core/cortex_m/libarch__arm__core__cortex_m.a(fault_s.S.obj)
                              (--whole-archive)
zephyr/arch/arch/arm/core/cortex_m/libarch__arm__core__cortex_m.a(fpu.c.obj)
                              (--whole-archive)
zephyr/arch/arch/arm/core/cortex_m/libarch__arm__core__cortex_m.a(reset.S.obj)
                              (--whole-archive)
zephyr/arch/arch/arm/core/cortex_m/libarch__arm__core__cortex_m.a(scb.c.obj)
                              (--whole-archive)
zephyr/arch/arch/arm/core/cortex_m/libarch__arm__core__cortex_m.a(thread_abort.c.obj)
                              (--whole-archive)
zephyr/arch/arch/arm/core/cortex_m/libarch__arm__core__cortex_m.a(vector_table.S.obj)
                              (--whole-archive)
zephyr/arch/arch/arm/core/cortex_m/libarch__arm__core__cortex_m.a(swap_helper.S.obj)
[...]
Memory Configuration

Name             Origin             Length             Attributes
FLASH            0x0000000008000000 0x0000000000100000 xr
RAM              0x0000000024000000 0x0000000000050000 xw
ITCM             0x0000000000000000 0x0000000000010000 rw
DTCM             0x0000000020000000 0x0000000000020000 rw
EXTMEM           0x0000000090000000 0x0000000010000000 rw
SRAM0            0x0000000024000000 0x0000000000050000 rw
SRAM1            0x0000000030000000 0x0000000000004000 rw
SRAM2            0x0000000030004000 0x0000000000004000 rw
SRAM4            0x0000000038000000 0x0000000000004000 rw
IDT_LIST         0x00000000ffff7fff 0x0000000000008000 xw
*default*        0x0000000000000000 0xffffffffffffffff

Linker script and memory map

                0x000000000800b0e8                vfprintf = __l_vfprintf
                0x0000000000000000                vfscanf = __l_vfscanf
LOAD zephyr/CMakeFiles/zephyr_pre0.dir/misc/empty_file.c.obj
LOAD zephyr/CMakeFiles/offsets.dir/./arch/arm/core/offsets/offsets.c.obj
LOAD app/libapp.a
LOAD zephyr/libzephyr.a
LOAD zephyr/arch/common/libarch__common.a
LOAD zephyr/arch/arch/arm/core/libarch__arm__core.a
LOAD zephyr/arch/arch/arm/core/cortex_m/libarch__arm__core__cortex_m.a
LOAD zephyr/arch/arch/arm/core/mpu/libarch__arm__core__mpu.a
LOAD zephyr/lib/libc/picolibc/liblib__libc__picolibc.a
LOAD zephyr/lib/libc/common/liblib__libc__common.a
LOAD zephyr/lib/posix/c_lib_ext/liblib__posix__c_lib_ext.a
LOAD zephyr/lib/net_buf/liblib__net_buf.a
LOAD zephyr/subsys/usb/device_next/libsubsys__usb__device_next.a
LOAD zephyr/subsys/input/libsubsys__input.a
LOAD zephyr/drivers/interrupt_controller/libdrivers__interrupt_controller.a
LOAD zephyr/drivers/usb/udc/libdrivers__usb__udc.a
LOAD zephyr/drivers/usb/common/stm32/libdrivers__usb__common__stm32.a
LOAD zephyr/drivers/clock_control/libdrivers__clock_control.a
LOAD zephyr/drivers/console/libdrivers__console.a
LOAD zephyr/drivers/gpio/libdrivers__gpio.a
LOAD zephyr/drivers/hwinfo/libdrivers__hwinfo.a
LOAD zephyr/drivers/pinctrl/libdrivers__pinctrl.a
LOAD zephyr/drivers/reset/libdrivers__reset.a
LOAD zephyr/drivers/serial/libdrivers__serial.a
LOAD zephyr/drivers/timer/libdrivers__timer.a
LOAD modules/hal_stm32/stm32cube/lib..__modules__hal__stm32__stm32cube.a
LOAD zephyr/kernel/libkernel.a
LOAD zephyr/arch/common/libisr_tables.a
LOAD /home/marcus/zephyr-sdk-0.17.4/arm-zephyr-eabi/bin/../lib/gcc/../../picolibc/arm-zephyr-eabi/lib/thumb/v7e-m/nofp/libc.a
LOAD /home/marcus/zephyr-sdk-0.17.4/arm-zephyr-eabi/bin/../lib/gcc/arm-zephyr-eabi/12.2.0/thumb/v7e-m/nofp/libgcc.a
                0x0000000000000020                _region_min_align = 0x20

.rel.plt        0x0000000008000000        0x0
 *(SORT_BY_ALIGNMENT(.rel.plt))
                [!provide]                        PROVIDE (__rel_iplt_start = .)
 *(SORT_BY_ALIGNMENT(.rel.iplt))
 .rel.iplt      0x0000000008000000        0x0 app/libapp.a(sample_usbd_init.c.obj)
                [!provide]                        PROVIDE (__rel_iplt_end = .)

.rela.plt       0x0000000000000000        0x0
 *(SORT_BY_ALIGNMENT(.rela.plt))
                [!provide]                        PROVIDE (__rela_iplt_start = .)
 *(SORT_BY_ALIGNMENT(.rela.iplt))
                [!provide]                        PROVIDE (__rela_iplt_end = .)

.rel.dyn
 *(SORT_BY_ALIGNMENT(.rel.*))

.rela.dyn
 *(SORT_BY_ALIGNMENT(.rela.*))

/DISCARD/
 *(SORT_BY_ALIGNMENT(.plt))

/DISCARD/
 *(SORT_BY_ALIGNMENT(.iplt))
                0x0000000008000000                __rom_region_start = 0x8000000

rom_start       0x0000000008000000      0x2cc
                0x0000000008000000                __rom_start_address = .
 FILL mask 0x00
                0x0000000008000000                . = (. + (0x0 - (. - __rom_start_address)))
                0x0000000008000000                . = ALIGN (0x4)
                0x0000000008000000                . = ALIGN (0x80)
                0x0000000008000000                . = ALIGN (0x400)
                0x0000000008000000                _vector_start = .
 *(SORT_BY_ALIGNMENT(.exc_vector_table))
 *(SORT_BY_ALIGNMENT(.exc_vector_table.*))
 .exc_vector_table._vector_table_section
                0x0000000008000000       0x40 zephyr/arch/arch/arm/core/cortex_m/libarch__arm__core__cortex_m.a(vector_table.S.obj)
                0x0000000008000000                _vector_table
 *(SORT_BY_ALIGNMENT(.vectors))
                0x00000000080002cc                _vector_end = .
                0x0000000008000040                . = ALIGN (0x4)
 *(SORT_BY_ALIGNMENT(.gnu.linkonce.irq_vector_table*))
 .gnu.linkonce.irq_vector_table
                0x0000000008000040      0x28c zephyr/arch/common/libisr_tables.a(isr_tables.c.obj)
                0x0000000008000040                _irq_vector_table
                0x00000000080002cc                _vector_end = .

text            0x00000000080002cc     0xe920
                0x00000000080002cc                __text_region_start = .
 *(SORT_BY_ALIGNMENT(.text))
 .text          0x00000000080002cc      0x21c /home/marcus/zephyr-sdk-0.17.4/arm-zephyr-eabi/bin/../lib/gcc/arm-zephyr-eabi/12.2.0/thumb/v7e-m/nofp/libgcc.a(_arm_addsubsf3.o)
                0x00000000080002cc                __aeabi_frsub
                0x00000000080002d4                __subsf3
                0x00000000080002d4                __aeabi_fsub
                0x00000000080002d8                __aeabi_fadd
                0x00000000080002d8                __addsf3
                0x0000000008000438                __aeabi_ui2f
                0x0000000008000438                __floatunsisf
                0x0000000008000440                __aeabi_i2f
                0x0000000008000440                __floatsisf
                0x000000000800045c                __floatundisf
                0x000000000800045c                __aeabi_ul2f
                0x000000000800046c                __floatdisf
                0x000000000800046c                __aeabi_l2f
 .text          0x00000000080004e8      0x2a0 /home/marcus/zephyr-sdk-0.17.4/arm-zephyr-eabi/bin/../lib/gcc/arm-zephyr-eabi/12.2.0/thumb/v7e-m/nofp/libgcc.a(_arm_muldivsf3.o)
                0x00000000080004e8                __mulsf3
                0x00000000080004e8                __aeabi_fmul
                0x0000000008000650                __divsf3
                0x0000000008000650                __aeabi_fdiv
 .text          0x0000000008000788       0x40 /home/marcus/zephyr-sdk-0.17.4/arm-zephyr-eabi/bin/../lib/gcc/arm-zephyr-eabi/12.2.0/thumb/v7e-m/nofp/libgcc.a(_arm_fixunssfsi.o)
                0x0000000008000788                __aeabi_f2uiz
                0x0000000008000788                __fixunssfsi
 .text          0x00000000080007c8       0x30 /home/marcus/zephyr-sdk-0.17.4/arm-zephyr-eabi/bin/../lib/gcc/arm-zephyr-eabi/12.2.0/thumb/v7e-m/nofp/libgcc.a(_aeabi_uldivmod.o)
                0x00000000080007c8                __aeabi_uldivmod
 .text          0x00000000080007f8        0x4 /home/marcus/zephyr-sdk-0.17.4/arm-zephyr-eabi/bin/../lib/gcc/arm-zephyr-eabi/12.2.0/thumb/v7e-m/nofp/libgcc.a(_dvmd_tls.o)
                0x00000000080007f8                __aeabi_ldiv0
                0x00000000080007f8                __aeabi_idiv0
 .text          0x00000000080007fc       0x14 /home/marcus/zephyr-sdk-0.17.4/arm-zephyr-eabi/bin/../lib/gcc/../../picolibc/arm-zephyr-eabi/lib/thumb/v7e-m/nofp/libc.a(strcmp.S.o)
                0x00000000080007fc                strcmp
 .text          0x0000000008000810       0x10 /home/marcus/zephyr-sdk-0.17.4/arm-zephyr-eabi/bin/../lib/gcc/../../picolibc/arm-zephyr-eabi/lib/thumb/v7e-m/nofp/libc.a(strlen.S.o)
                0x0000000008000810                strlen
 .text          0x0000000008000820      0x2a0 /home/marcus/zephyr-sdk-0.17.4/arm-zephyr-eabi/bin/../lib/gcc/arm-zephyr-eabi/12.2.0/thumb/v7e-m/nofp/libgcc.a(_udivmoddi4.o)
                0x0000000008000820                __udivmoddi4
 *(SORT_BY_ALIGNMENT(.text.*))
 .text.sample_usbd_setup_device
                0x0000000008000ac0      0x124 app/libapp.a(sample_usbd_init.c.obj)
                0x0000000008000ac0                sample_usbd_setup_device
 .text.sample_usbd_init_device
                0x0000000008000be4       0x30 app/libapp.a(sample_usbd_init.c.obj)
                0x0000000008000be4                sample_usbd_init_device
 .text.kb_get_idle
                0x0000000008000c14       0x28 app/libapp.a(main.c.obj)
 .text.input_cb.part.0
                0x0000000008000c3c       0x14 app/libapp.a(main.c.obj)
 .text.kb_set_report.part.0
                0x0000000008000c50       0x1c app/libapp.a(main.c.obj)
 .text.input_cb
                0x0000000008000c6c       0x28 app/libapp.a(main.c.obj)
 .text.kb_set_report
                0x0000000008000c94       0x54 app/libapp.a(main.c.obj)
 .text.kb_set_protocol
                0x0000000008000ce8       0x48 app/libapp.a(main.c.obj)
 .text.kb_iface_ready
                0x0000000008000d30       0x58 app/libapp.a(main.c.obj)
 .text.msg_cb   0x0000000008000d88       0xa8 app/libapp.a(main.c.obj)
 .text.kb_get_report
                0x0000000008000e30       0x20 app/libapp.a(main.c.obj)
 .text.kb_set_idle
                0x0000000008000e50       0x28 app/libapp.a(main.c.obj)
 .text.main     0x0000000008000e78      0x238 app/libapp.a(main.c.obj)
                0x0000000008000e78                main
 .text.cbvprintf_package
                0x00000000080010b0      0x3a4 zephyr/libzephyr.a(cbprintf_packaged.c.obj)
                0x00000000080010b0                cbvprintf_package
 .text.cbprintf_package_convert
                0x0000000008001454      0x3cc zephyr/libzephyr.a(cbprintf_packaged.c.obj)
                0x0000000008001454                cbprintf_package_convert
 .text.__printk_hook_install
                0x0000000008001820        0xc zephyr/libzephyr.a(printk.c.obj)
                0x0000000008001820                __printk_hook_install
 .text.z_thread_entry
                0x000000000800182c       0x34 zephyr/libzephyr.a(thread_entry.c.obj)
                0x000000000800182c                z_thread_entry
 .text.st_stm32_common_config
                0x0000000008001860       0x1c zephyr/libzephyr.a(soc_config.c.obj)
 .text.soc_reset_hook
                0x000000000800187c       0x18 zephyr/libzephyr.a(soc_m7.c.obj)
                0x000000000800187c                soc_reset_hook
 .text.soc_early_init_hook
                0x0000000008001894       0x50 zephyr/libzephyr.a(soc_m7.c.obj)
                0x0000000008001894                soc_early_init_hook
 .text.activate_foreach_backend
                0x00000000080018e4       0x64 zephyr/libzephyr.a(log_core.c.obj)
 .text.enable_logger
                0x0000000008001948       0x5c zephyr/libzephyr.a(log_core.c.obj)
 .text.log_process_thread_timer_expiry_fn
                0x00000000080019a4        0xc zephyr/libzephyr.a(log_core.c.obj)
 .text.z_log_init
                0x00000000080019b0       0x94 zephyr/libzephyr.a(log_core.c.obj)
 .text.log_format_func_t_get
                0x0000000008001a44        0xc zephyr/libzephyr.a(log_core.c.obj)
                0x0000000008001a44                log_format_func_t_get
 .text.log_set_timestamp_func
                0x0000000008001a50       0x20 zephyr/libzephyr.a(log_core.c.obj)
                0x0000000008001a50                log_set_timestamp_func
 .text.z_log_notify_backend_enabled
                0x0000000008001a70       0x1c zephyr/libzephyr.a(log_core.c.obj)
                0x0000000008001a70                z_log_notify_backend_enabled
 .text.z_log_dropped
                0x0000000008001a8c       0x44 zephyr/libzephyr.a(log_core.c.obj)
                0x0000000008001a8c                z_log_dropped
 .text.z_log_dropped_read_and_clear
                0x0000000008001ad0       0x20 zephyr/libzephyr.a(log_core.c.obj)
                0x0000000008001ad0                z_log_dropped_read_and_clear
 .text.dropped_notify
                0x0000000008001af0       0x30 zephyr/libzephyr.a(log_core.c.obj)
                0x0000000008001af0                dropped_notify
 .text.z_log_msg_init
                0x0000000008001b20       0x20 zephyr/libzephyr.a(log_core.c.obj)
                0x0000000008001b20                z_log_msg_init
 .text.log_core_init
                0x0000000008001b40       0x50 zephyr/libzephyr.a(log_core.c.obj)
                0x0000000008001b40                log_core_init
 .text.z_log_msg_alloc
                0x0000000008001b90       0x10 zephyr/libzephyr.a(log_core.c.obj)
                0x0000000008001b90                z_log_msg_alloc
 .text.z_log_msg_local_claim
                0x0000000008001ba0        0xc zephyr/libzephyr.a(log_core.c.obj)
                0x0000000008001ba0                z_log_msg_local_claim
 .text.z_log_msg_free
                0x0000000008001bac       0x10 zephyr/libzephyr.a(log_core.c.obj)
                0x0000000008001bac                z_log_msg_free
 .text.z_log_msg_pending
                0x0000000008001bbc        0xc zephyr/libzephyr.a(log_core.c.obj)
                0x0000000008001bbc                z_log_msg_pending
 .text.z_impl_log_process
                0x0000000008001bc8       0xb4 zephyr/libzephyr.a(log_core.c.obj)
                0x0000000008001bc8                z_impl_log_process
 .text.z_impl_log_panic
                0x0000000008001c7c       0x44 zephyr/libzephyr.a(log_core.c.obj)
                0x0000000008001c7c                z_impl_log_panic
 .text.log_process_thread_func
                0x0000000008001cc0       0xa4 zephyr/libzephyr.a(log_core.c.obj)
 .text.z_log_msg_post_finalize
                0x0000000008001d64       0x78 zephyr/libzephyr.a(log_core.c.obj)
 .text.z_log_msg_commit
                0x0000000008001ddc       0x24 zephyr/libzephyr.a(log_core.c.obj)
                0x0000000008001ddc                z_log_msg_commit
 .text.log_source_name_get
                0x0000000008001e00       0x1c zephyr/libzephyr.a(log_mgmt.c.obj)
                0x0000000008001e00                log_source_name_get
 .text.z_impl_z_log_msg_static_create
                0x0000000008001e1c      0x108 zephyr/libzephyr.a(log_msg.c.obj)
                0x0000000008001e1c                z_impl_z_log_msg_static_create
 .text.z_log_msg_runtime_vcreate
                0x0000000008001f24       0xa0 zephyr/libzephyr.a(log_msg.c.obj)
                0x0000000008001f24                z_log_msg_runtime_vcreate
 .text.log_msg_get_source_id
                0x0000000008001fc4       0x18 zephyr/libzephyr.a(log_msg.c.obj)
                0x0000000008001fc4                log_msg_get_source_id
 .text.print_formatted
                0x0000000008001fdc       0x24 zephyr/libzephyr.a(log_output.c.obj)
 .text.newline_print
                0x0000000008002000       0x1c zephyr/libzephyr.a(log_output.c.obj)
 .text.log_output_process
                0x000000000800201c      0x2d4 zephyr/libzephyr.a(log_output.c.obj)
                0x000000000800201c                log_output_process
 .text.log_output_dropped_process
                0x00000000080022f0       0x58 zephyr/libzephyr.a(log_output.c.obj)
                0x00000000080022f0                log_output_dropped_process
 .text.log_output_timestamp_freq_set
                0x0000000008002348       0x2c zephyr/libzephyr.a(log_output.c.obj)
                0x0000000008002348                log_output_timestamp_freq_set
 .text.char_out
                0x0000000008002374       0x24 zephyr/libzephyr.a(log_backend_uart.c.obj)
 .text.mem_attr_get_regions
                0x0000000008002398        0xc zephyr/libzephyr.a(mem_attr.c.obj)
                0x0000000008002398                mem_attr_get_regions
 .text.arch_bss_zero
                0x00000000080023a4       0x2c zephyr/arch/common/libarch__common.a(init.c.obj)
                0x00000000080023a4                arch_bss_zero
 .text.arch_data_copy
                0x00000000080023d0       0x50 zephyr/arch/common/libarch__common.a(xip.c.obj)
                0x00000000080023d0                arch_data_copy
 .text.z_arm_fatal_error
                0x0000000008002420       0xb8 zephyr/arch/arch/arm/core/libarch__arm__core.a(fatal.c.obj)
                0x0000000008002420                z_arm_fatal_error
 .text.z_SysNmiOnReset
                0x00000000080024d8        0x8 zephyr/arch/arch/arm/core/libarch__arm__core.a(nmi_on_reset.S.obj)
                0x00000000080024d8                z_SysNmiOnReset
 .text.arch_tls_stack_setup
                0x00000000080024e0       0x40 zephyr/arch/arch/arm/core/libarch__arm__core.a(tls.c.obj)
                0x00000000080024e0                arch_tls_stack_setup
 .text._HandlerModeExit
                0x0000000008002520       0x20 zephyr/arch/arch/arm/core/cortex_m/libarch__arm__core__cortex_m.a(exc_exit.c.obj)
                0x0000000008002520                z_arm_exc_exit
                0x0000000008002520                z_arm_int_exit
 .text.bus_fault.constprop.0
                0x0000000008002540       0xd0 zephyr/arch/arch/arm/core/cortex_m/libarch__arm__core__cortex_m.a(fault.c.obj)
 .text.usage_fault.constprop.0
                0x0000000008002610       0xa8 zephyr/arch/arch/arm/core/cortex_m/libarch__arm__core__cortex_m.a(fault.c.obj)
 .text.mem_manage_fault
                0x00000000080026b8      0x104 zephyr/arch/arch/arm/core/cortex_m/libarch__arm__core__cortex_m.a(fault.c.obj)
 .text.z_arm_fault
                0x00000000080027bc      0x1d4 zephyr/arch/arch/arm/core/cortex_m/libarch__arm__core__cortex_m.a(fault.c.obj)
                0x00000000080027bc                z_arm_fault
 .text.z_arm_fault_init
                0x0000000008002990       0x18 zephyr/arch/arch/arm/core/cortex_m/libarch__arm__core__cortex_m.a(fault.c.obj)
                0x0000000008002990                z_arm_fault_init
 .text.__fault  0x00000000080029a8       0x14 zephyr/arch/arch/arm/core/cortex_m/libarch__arm__core__cortex_m.a(fault_s.S.obj)
                0x00000000080029a8                z_arm_bus_fault
                0x00000000080029a8                z_arm_usage_fault
                0x00000000080029a8                z_arm_mpu_fault
                0x00000000080029a8                z_arm_exc_spurious
                0x00000000080029a8                z_arm_debug_monitor
                0x00000000080029a8                z_arm_hard_fault
 .text._reset_section
                0x00000000080029bc       0x38 zephyr/arch/arch/arm/core/cortex_m/libarch__arm__core__cortex_m.a(reset.S.obj)
                0x00000000080029bc                z_arm_reset
                0x00000000080029bc                __start
 .text.z_impl_k_thread_abort
                0x00000000080029f4       0x2c zephyr/arch/arch/arm/core/cortex_m/libarch__arm__core__cortex_m.a(thread_abort.c.obj)
                0x00000000080029f4                z_impl_k_thread_abort
 .text.z_arm_pendsv
                0x0000000008002a20       0x60 zephyr/arch/arch/arm/core/cortex_m/libarch__arm__core__cortex_m.a(swap_helper.S.obj)
                0x0000000008002a20                z_arm_pendsv
 .text.z_arm_svc
                0x0000000008002a80       0x24 zephyr/arch/arch/arm/core/cortex_m/libarch__arm__core__cortex_m.a(swap_helper.S.obj)
                0x0000000008002a80                z_arm_svc
 .text.arm_irq_enable
                0x0000000008002aa4       0x1c zephyr/arch/arch/arm/core/cortex_m/libarch__arm__core__cortex_m.a(irq_manage.c.obj)
                0x0000000008002aa4                arm_irq_enable
 .text.arm_irq_disable
                0x0000000008002ac0       0x28 zephyr/arch/arch/arm/core/cortex_m/libarch__arm__core__cortex_m.a(irq_manage.c.obj)
                0x0000000008002ac0                arm_irq_disable
 .text.arm_irq_is_enabled
                0x0000000008002ae8       0x1c zephyr/arch/arch/arm/core/cortex_m/libarch__arm__core__cortex_m.a(irq_manage.c.obj)
                0x0000000008002ae8                arm_irq_is_enabled
 .text.arm_irq_priority_set
                0x0000000008002b04       0x2c zephyr/arch/arch/arm/core/cortex_m/libarch__arm__core__cortex_m.a(irq_manage.c.obj)
                0x0000000008002b04                arm_irq_priority_set
 .text.relocate_vector_table
                0x0000000008002b30       0x1c zephyr/arch/arch/arm/core/cortex_m/libarch__arm__core__cortex_m.a(prep_c.c.obj)
                0x0000000008002b30                relocate_vector_table
 .text.z_prep_c
                0x0000000008002b4c       0x3c zephyr/arch/arch/arm/core/cortex_m/libarch__arm__core__cortex_m.a(prep_c.c.obj)
                0x0000000008002b4c                z_prep_c
 .text.arch_new_thread
                0x0000000008002b88       0x2c zephyr/arch/arch/arm/core/cortex_m/libarch__arm__core__cortex_m.a(thread.c.obj)
                0x0000000008002b88                arch_new_thread
 .text.z_check_thread_stack_fail
                0x0000000008002bb4       0x2c zephyr/arch/arch/arm/core/cortex_m/libarch__arm__core__cortex_m.a(thread.c.obj)
                0x0000000008002bb4                z_check_thread_stack_fail
 .text.arch_switch_to_main_thread
                0x0000000008002be0       0x3c zephyr/arch/arch/arm/core/cortex_m/libarch__arm__core__cortex_m.a(thread.c.obj)
                0x0000000008002be0                arch_switch_to_main_thread
 .text.z_arm_cpu_idle_init
                0x0000000008002c1c        0xc zephyr/arch/arch/arm/core/cortex_m/libarch__arm__core__cortex_m.a(cpu_idle.c.obj)
                0x0000000008002c1c                z_arm_cpu_idle_init
 .text.z_arm_interrupt_init
                0x0000000008002c28       0x18 zephyr/arch/arch/arm/core/cortex_m/libarch__arm__core__cortex_m.a(irq_init.c.obj)
                0x0000000008002c28                z_arm_interrupt_init
 .text._isr_wrapper
                0x0000000008002c40       0x24 zephyr/arch/arch/arm/core/cortex_m/libarch__arm__core__cortex_m.a(isr_wrapper.c.obj)
                0x0000000008002c40                _isr_wrapper
 .text.arch_dcache_enable
                0x0000000008002c64       0x5c zephyr/arch/arch/arm/core/cortex_m/libarch__arm__core__cortex_m.a(cache.c.obj)
                0x0000000008002c64                arch_dcache_enable
 .text.arch_icache_enable
                0x0000000008002cc0       0x34 zephyr/arch/arch/arm/core/cortex_m/libarch__arm__core__cortex_m.a(cache.c.obj)
                0x0000000008002cc0                arch_icache_enable
 .text.z_arm_configure_static_mpu_regions
                0x0000000008002cf4       0x18 zephyr/arch/arch/arm/core/mpu/libarch__arm__core__mpu.a(arm_core_mpu.c.obj)
                0x0000000008002cf4                z_arm_configure_static_mpu_regions
 .text.z_arm_configure_dynamic_mpu_regions
                0x0000000008002d0c       0x20 zephyr/arch/arch/arm/core/mpu/libarch__arm__core__mpu.a(arm_core_mpu.c.obj)
                0x0000000008002d0c                z_arm_configure_dynamic_mpu_regions
 .text.region_allocate_and_init
                0x0000000008002d2c       0x54 zephyr/arch/arch/arm/core/mpu/libarch__arm__core__mpu.a(arm_mpu.c.obj)
 .text.mpu_configure_regions
                0x0000000008002d80       0x68 zephyr/arch/arch/arm/core/mpu/libarch__arm__core__mpu.a(arm_mpu.c.obj)
 .text.arm_core_mpu_enable
                0x0000000008002de8       0x18 zephyr/arch/arch/arm/core/mpu/libarch__arm__core__mpu.a(arm_mpu.c.obj)
                0x0000000008002de8                arm_core_mpu_enable
 .text.arm_core_mpu_disable
                0x0000000008002e00       0x14 zephyr/arch/arch/arm/core/mpu/libarch__arm__core__mpu.a(arm_mpu.c.obj)
                0x0000000008002e00                arm_core_mpu_disable
 .text.arm_core_mpu_configure_static_mpu_regions
                0x0000000008002e14       0x14 zephyr/arch/arch/arm/core/mpu/libarch__arm__core__mpu.a(arm_mpu.c.obj)
                0x0000000008002e14                arm_core_mpu_configure_static_mpu_regions
 .text.arm_core_mpu_configure_dynamic_mpu_regions
                0x0000000008002e28       0x38 zephyr/arch/arch/arm/core/mpu/libarch__arm__core__mpu.a(arm_mpu.c.obj)
                0x0000000008002e28                arm_core_mpu_configure_dynamic_mpu_regions
 .text.z_arm_mpu_init
                0x0000000008002e60      0x198 zephyr/arch/arch/arm/core/mpu/libarch__arm__core__mpu.a(arm_mpu.c.obj)
                0x0000000008002e60                z_arm_mpu_init
 .text.cbvprintf
                0x0000000008002ff8       0x38 zephyr/lib/libc/picolibc/liblib__libc__picolibc.a(cbprintf.c.obj)
                0x0000000008002ff8                cbvprintf
 .text.z_impl_zephyr_fputc
                0x0000000008003030       0x10 zephyr/lib/libc/picolibc/liblib__libc__picolibc.a(stdio.c.obj)
                0x0000000008003030                z_impl_zephyr_fputc
 .text.__stdout_hook_install
                0x0000000008003040       0x18 zephyr/lib/libc/picolibc/liblib__libc__picolibc.a(stdio.c.obj)
                0x0000000008003040                __stdout_hook_install
 .text.malloc_prepare
                0x0000000008003058       0x24 zephyr/lib/libc/common/liblib__libc__common.a(malloc.c.obj)
 .text.net_buf_destroy
                0x000000000800307c       0x3c zephyr/lib/net_buf/liblib__net_buf.a(buf.c.obj)
 .text.net_buf_pool_get
                0x00000000080030b8       0x10 zephyr/lib/net_buf/liblib__net_buf.a(buf.c.obj)
                0x00000000080030b8                net_buf_pool_get
 .text.net_buf_id
                0x00000000080030c8       0x20 zephyr/lib/net_buf/liblib__net_buf.a(buf.c.obj)
                0x00000000080030c8                net_buf_id
 .text.fixed_data_alloc
                0x00000000080030e8       0x24 zephyr/lib/net_buf/liblib__net_buf.a(buf.c.obj)
 .text.net_buf_alloc_len
                0x000000000800310c       0xfc zephyr/lib/net_buf/liblib__net_buf.a(buf.c.obj)
                0x000000000800310c                net_buf_alloc_len
 .text.net_buf_unref
                0x0000000008003208       0x3c zephyr/lib/net_buf/liblib__net_buf.a(buf.c.obj)
                0x0000000008003208                net_buf_unref
 .text.usbd_wakeup_request
                0x0000000008003244       0x88 zephyr/subsys/usb/device_next/libsubsys__usb__device_next.a(usbd_device.c.obj)
                0x0000000008003244                usbd_wakeup_request
 .text.usbd_init
                0x00000000080032cc       0x7c zephyr/subsys/usb/device_next/libsubsys__usb__device_next.a(usbd_device.c.obj)
                0x00000000080032cc                usbd_init
 .text.usbd_enable
                0x0000000008003348       0x8c zephyr/subsys/usb/device_next/libsubsys__usb__device_next.a(usbd_device.c.obj)
                0x0000000008003348                usbd_enable
 .text.usbd_disable
                0x00000000080033d4       0x70 zephyr/subsys/usb/device_next/libsubsys__usb__device_next.a(usbd_device.c.obj)
                0x00000000080033d4                usbd_disable
 .text.usbd_device_register_vreq
                0x0000000008003444       0xb0 zephyr/subsys/usb/device_next/libsubsys__usb__device_next.a(usbd_device.c.obj)
                0x0000000008003444                usbd_device_register_vreq
 .text.usbd_add_descriptor
                0x00000000080034f4      0x204 zephyr/subsys/usb/device_next/libsubsys__usb__device_next.a(usbd_desc.c.obj)
                0x00000000080034f4                usbd_add_descriptor
 .text.nonstd_request
                0x00000000080036f8      0x10c zephyr/subsys/usb/device_next/libsubsys__usb__device_next.a(usbd_ch9.c.obj)
 .text.sreq_get_desc_cfg
                0x0000000008003804      0x13c zephyr/subsys/usb/device_next/libsubsys__usb__device_next.a(usbd_ch9.c.obj)
 .text.usbd_handle_ctrl_xfer
                0x0000000008003940      0xda4 zephyr/subsys/usb/device_next/libsubsys__usb__device_next.a(usbd_ch9.c.obj)
                0x0000000008003940                usbd_handle_ctrl_xfer
 .text.usbd_event_carrier
                0x00000000080046e4       0x48 zephyr/subsys/usb/device_next/libsubsys__usb__device_next.a(usbd_core.c.obj)
 .text.usbd_class_bcast_event.part.0
                0x000000000800472c       0x54 zephyr/subsys/usb/device_next/libsubsys__usb__device_next.a(usbd_core.c.obj)
 .text.usbd_pre_init
                0x0000000008004780      0x144 zephyr/subsys/usb/device_next/libsubsys__usb__device_next.a(usbd_core.c.obj)
 .text.usbd_thread
                0x00000000080048c4      0x300 zephyr/subsys/usb/device_next/libsubsys__usb__device_next.a(usbd_core.c.obj)
 .text.usbd_device_init_core
                0x0000000008004bc4       0x44 zephyr/subsys/usb/device_next/libsubsys__usb__device_next.a(usbd_core.c.obj)
                0x0000000008004bc4                usbd_device_init_core
 .text.unassign_eps.constprop.0
                0x0000000008004c08       0xa4 zephyr/subsys/usb/device_next/libsubsys__usb__device_next.a(usbd_init.c.obj)
 .text.init_configuration
                0x0000000008004cac      0x2e0 zephyr/subsys/usb/device_next/libsubsys__usb__device_next.a(usbd_init.c.obj)
 .text.usbd_init_configurations
                0x0000000008004f8c       0xb8 zephyr/subsys/usb/device_next/libsubsys__usb__device_next.a(usbd_init.c.obj)
                0x0000000008004f8c                usbd_init_configurations
 .text.usbd_config_get_current.part.0
                0x0000000008005044       0x18 zephyr/subsys/usb/device_next/libsubsys__usb__device_next.a(usbd_config.c.obj)
 .text.usbd_config_set
                0x000000000800505c       0xb0 zephyr/subsys/usb/device_next/libsubsys__usb__device_next.a(usbd_config.c.obj)
                0x000000000800505c                usbd_config_set
 .text.usbd_add_configuration
                0x000000000800510c      0x184 zephyr/subsys/usb/device_next/libsubsys__usb__device_next.a(usbd_config.c.obj)
                0x000000000800510c                usbd_add_configuration
 .text.usbd_class_node_get
                0x0000000008005290       0x88 zephyr/subsys/usb/device_next/libsubsys__usb__device_next.a(usbd_class.c.obj)
 .text.usbd_class_handle_xfer
                0x0000000008005318       0xf8 zephyr/subsys/usb/device_next/libsubsys__usb__device_next.a(usbd_class.c.obj)
                0x0000000008005318                usbd_class_handle_xfer
 .text.usbd_class_get_by_ep
                0x0000000008005410       0x58 zephyr/subsys/usb/device_next/libsubsys__usb__device_next.a(usbd_class.c.obj)
                0x0000000008005410                usbd_class_get_by_ep
 .text.usbd_register_class
                0x0000000008005468       0xc4 zephyr/subsys/usb/device_next/libsubsys__usb__device_next.a(usbd_class.c.obj)
                0x0000000008005468                usbd_register_class
 .text.usbd_register_all_classes
                0x000000000800552c       0xe0 zephyr/subsys/usb/device_next/libsubsys__usb__device_next.a(usbd_class.c.obj)
                0x000000000800552c                usbd_register_all_classes
 .text.usbd_interface_modify
                0x000000000800560c      0x15c zephyr/subsys/usb/device_next/libsubsys__usb__device_next.a(usbd_interface.c.obj)
 .text.usbd_interface_set
                0x0000000008005768       0xac zephyr/subsys/usb/device_next/libsubsys__usb__device_next.a(usbd_interface.c.obj)
                0x0000000008005768                usbd_interface_set
 .text.usbd_ep_ctrl_enqueue
                0x0000000008005814       0xc4 zephyr/subsys/usb/device_next/libsubsys__usb__device_next.a(usbd_endpoint.c.obj)
                0x0000000008005814                usbd_ep_ctrl_enqueue
 .text.usbd_ep_set_halt
                0x00000000080058d8       0x44 zephyr/subsys/usb/device_next/libsubsys__usb__device_next.a(usbd_endpoint.c.obj)
                0x00000000080058d8                usbd_ep_set_halt
 .text.usbd_ep_clear_halt
                0x000000000800591c       0x34 zephyr/subsys/usb/device_next/libsubsys__usb__device_next.a(usbd_endpoint.c.obj)
                0x000000000800591c                usbd_ep_clear_halt
 .text.msg_work_handler
                0x0000000008005950       0xc0 zephyr/subsys/usb/device_next/libsubsys__usb__device_next.a(usbd_msg.c.obj)
 .text.usbd_msg_pub.part.0
                0x0000000008005a10       0x34 zephyr/subsys/usb/device_next/libsubsys__usb__device_next.a(usbd_msg.c.obj)
 .text.usbd_msg_pub
                0x0000000008005a44       0x74 zephyr/subsys/usb/device_next/libsubsys__usb__device_next.a(usbd_msg.c.obj)
 .text.usbd_hid_ctd
                0x0000000008005ab8      0x1d0 zephyr/subsys/usb/device_next/libsubsys__usb__device_next.a(usbd_hid.c.obj)
 .text.usbd_hid_suspended
                0x0000000008005c88       0x40 zephyr/subsys/usb/device_next/libsubsys__usb__device_next.a(usbd_hid.c.obj)
 .text.usbd_hid_resumed
                0x0000000008005cc8       0x40 zephyr/subsys/usb/device_next/libsubsys__usb__device_next.a(usbd_hid.c.obj)
 .text.hid_device_init
                0x0000000008005d08       0x60 zephyr/subsys/usb/device_next/libsubsys__usb__device_next.a(usbd_hid.c.obj)
 .text.usbd_hid_shutdown
                0x0000000008005d68       0x5c zephyr/subsys/usb/device_next/libsubsys__usb__device_next.a(usbd_hid.c.obj)
 .text.usbd_hid_disable
                0x0000000008005dc4       0x58 zephyr/subsys/usb/device_next/libsubsys__usb__device_next.a(usbd_hid.c.obj)
 .text.usbd_hid_enable
                0x0000000008005e1c       0x70 zephyr/subsys/usb/device_next/libsubsys__usb__device_next.a(usbd_hid.c.obj)
 .text.usbd_hid_cth
                0x0000000008005e8c      0x280 zephyr/subsys/usb/device_next/libsubsys__usb__device_next.a(usbd_hid.c.obj)
 .text.usbd_hid_init
                0x000000000800610c       0xb8 zephyr/subsys/usb/device_next/libsubsys__usb__device_next.a(usbd_hid.c.obj)
 .text.hid_dev_register
                0x00000000080061c4       0x6c zephyr/subsys/usb/device_next/libsubsys__usb__device_next.a(usbd_hid.c.obj)
 .text.hid_dev_submit_report
                0x0000000008006230       0xac zephyr/subsys/usb/device_next/libsubsys__usb__device_next.a(usbd_hid.c.obj)
 .text.hid_dev_output_handler
                0x00000000080062dc       0x78 zephyr/subsys/usb/device_next/libsubsys__usb__device_next.a(usbd_hid.c.obj)
 .text.stm32_exti_init
                0x0000000008006354       0x50 zephyr/drivers/interrupt_controller/libdrivers__interrupt_controller.a(intc_exti_stm32.c.obj)
 .text.stm32_exti_is_pending
                0x00000000080063a4       0x4c zephyr/drivers/interrupt_controller/libdrivers__interrupt_controller.a(intc_exti_stm32.c.obj)
                0x00000000080063a4                stm32_exti_is_pending
 .text.stm32_exti_clear_pending
                0x00000000080063f0       0x48 zephyr/drivers/interrupt_controller/libdrivers__interrupt_controller.a(intc_exti_stm32.c.obj)
                0x00000000080063f0                stm32_exti_clear_pending
 .text.stm32_fill_irq_table
                0x0000000008006438       0x18 zephyr/drivers/interrupt_controller/libdrivers__interrupt_controller.a(intc_gpio_stm32.c.obj)
 .text.stm32_intc_gpio_isr
                0x0000000008006450       0x4c zephyr/drivers/interrupt_controller/libdrivers__interrupt_controller.a(intc_gpio_stm32.c.obj)
 .text.stm32_gpio_intc_enable_line
                0x000000000800649c       0x30 zephyr/drivers/interrupt_controller/libdrivers__interrupt_controller.a(intc_gpio_stm32.c.obj)
                0x000000000800649c                stm32_gpio_intc_enable_line
 .text.stm32_gpio_intc_set_irq_callback
                0x00000000080064cc       0x40 zephyr/drivers/interrupt_controller/libdrivers__interrupt_controller.a(intc_gpio_stm32.c.obj)
                0x00000000080064cc                stm32_gpio_intc_set_irq_callback
 .text.stm32_gpio_intc_remove_irq_callback
                0x000000000800650c       0x24 zephyr/drivers/interrupt_controller/libdrivers__interrupt_controller.a(intc_gpio_stm32.c.obj)
                0x000000000800650c                stm32_gpio_intc_remove_irq_callback
 .text.stm32_exti_get_line_src_port
                0x0000000008006530       0x38 zephyr/drivers/interrupt_controller/libdrivers__interrupt_controller.a(intc_gpio_stm32.c.obj)
                0x0000000008006530                stm32_exti_get_line_src_port
 .text.ep_check_config.constprop.0
                0x0000000008006568      0x118 zephyr/drivers/usb/udc/libdrivers__usb__udc.a(udc_common.c.obj)
 .text.udc_buf_destroy
                0x0000000008006680       0x60 zephyr/drivers/usb/udc/libdrivers__usb__udc.a(udc_common.c.obj)
 .text.udc_set_suspended
                0x00000000080066e0       0x94 zephyr/drivers/usb/udc/libdrivers__usb__udc.a(udc_common.c.obj)
                0x00000000080066e0                udc_set_suspended
 .text.udc_buf_get_all
                0x0000000008006774       0x94 zephyr/drivers/usb/udc/libdrivers__usb__udc.a(udc_common.c.obj)
                0x0000000008006774                udc_buf_get_all
 .text.udc_ep_enable_internal
                0x0000000008006808       0x88 zephyr/drivers/usb/udc/libdrivers__usb__udc.a(udc_common.c.obj)
                0x0000000008006808                udc_ep_enable_internal
 .text.udc_ep_disable_internal
                0x0000000008006890       0x54 zephyr/drivers/usb/udc/libdrivers__usb__udc.a(udc_common.c.obj)
                0x0000000008006890                udc_ep_disable_internal
 .text.udc_ep_enqueue
                0x00000000080068e4       0xa0 zephyr/drivers/usb/udc/libdrivers__usb__udc.a(udc_common.c.obj)
                0x00000000080068e4                udc_ep_enqueue
 .text.udc_ep_dequeue
                0x0000000008006984      0x10c zephyr/drivers/usb/udc/libdrivers__usb__udc.a(udc_common.c.obj)
                0x0000000008006984                udc_ep_dequeue
 .text.udc_ep_buf_alloc
                0x0000000008006a90       0x88 zephyr/drivers/usb/udc/libdrivers__usb__udc.a(udc_common.c.obj)
                0x0000000008006a90                udc_ep_buf_alloc
 .text.udc_ctrl_update_stage
                0x0000000008006b18      0x1d0 zephyr/drivers/usb/udc/libdrivers__usb__udc.a(udc_common.c.obj)
                0x0000000008006b18                udc_ctrl_update_stage
 .text.udc_stm32_ep_set_halt
                0x0000000008006ce8       0x78 zephyr/drivers/usb/udc/libdrivers__usb__udc.a(udc_stm32.c.obj)
 .text.udc_stm32_ep_mem_config
                0x0000000008006d60       0xa4 zephyr/drivers/usb/udc/libdrivers__usb__udc.a(udc_stm32.c.obj)
 .text.udc_stm32_enable
                0x0000000008006e04      0x14c zephyr/drivers/usb/udc/libdrivers__usb__udc.a(udc_stm32.c.obj)
 .text.udc_stm32_disable
                0x0000000008006f50       0x5c zephyr/drivers/usb/udc/libdrivers__usb__udc.a(udc_stm32.c.obj)
 .text.udc_stm32_host_wakeup
                0x0000000008006fac       0x54 zephyr/drivers/usb/udc/libdrivers__usb__udc.a(udc_stm32.c.obj)
 .text.udc_stm32_shutdown
                0x0000000008007000       0x7c zephyr/drivers/usb/udc/libdrivers__usb__udc.a(udc_stm32.c.obj)
 .text.udc_stm32_init
                0x000000000800707c      0x144 zephyr/drivers/usb/udc/libdrivers__usb__udc.a(udc_stm32.c.obj)
                0x000000000800707c                udc_stm32_init
 .text.udc_stm32_driver_init0
                0x00000000080071c0      0x21c zephyr/drivers/usb/udc/libdrivers__usb__udc.a(udc_stm32.c.obj)
 .text.udc_stm32_rx.isra.0
                0x00000000080073dc       0x84 zephyr/drivers/usb/udc/libdrivers__usb__udc.a(udc_stm32.c.obj)
 .text.udc_stm32_ep_dequeue
                0x0000000008007460       0x84 zephyr/drivers/usb/udc/libdrivers__usb__udc.a(udc_stm32.c.obj)
 .text.udc_stm32_tx
                0x00000000080074e4       0xbc zephyr/drivers/usb/udc/libdrivers__usb__udc.a(udc_stm32.c.obj)
 .text.udc_stm32_thread_handler
                0x00000000080075a0      0x2d8 zephyr/drivers/usb/udc/libdrivers__usb__udc.a(udc_stm32.c.obj)
 .text.udc_stm32_ep_enqueue
                0x0000000008007878       0x8c zephyr/drivers/usb/udc/libdrivers__usb__udc.a(udc_stm32.c.obj)
 .text.udc_stm32_ep_enable
                0x0000000008007904       0x90 zephyr/drivers/usb/udc/libdrivers__usb__udc.a(udc_stm32.c.obj)
 .text.udc_stm32_set_address
                0x0000000008007994       0x64 zephyr/drivers/usb/udc/libdrivers__usb__udc.a(udc_stm32.c.obj)
 .text.udc_stm32_ep_disable
                0x00000000080079f8       0x74 zephyr/drivers/usb/udc/libdrivers__usb__udc.a(udc_stm32.c.obj)
 .text.udc_stm32_ep_clear_halt
                0x0000000008007a6c       0xac zephyr/drivers/usb/udc/libdrivers__usb__udc.a(udc_stm32.c.obj)
 .text.HAL_PCD_SetupStageCallback
                0x0000000008007b18       0x30 zephyr/drivers/usb/udc/libdrivers__usb__udc.a(udc_stm32.c.obj)
                0x0000000008007b18                HAL_PCD_SetupStageCallback
 .text.HAL_PCD_DataOutStageCallback
                0x0000000008007b48       0x3c zephyr/drivers/usb/udc/libdrivers__usb__udc.a(udc_stm32.c.obj)
                0x0000000008007b48                HAL_PCD_DataOutStageCallback
 .text.HAL_PCD_DataInStageCallback
                0x0000000008007b84       0x38 zephyr/drivers/usb/udc/libdrivers__usb__udc.a(udc_stm32.c.obj)
                0x0000000008007b84                HAL_PCD_DataInStageCallback
 .text.stm32_usb_pwr_enable
                0x0000000008007bbc       0x70 zephyr/drivers/usb/common/stm32/libdrivers__usb__common__stm32.a(stm32_usb_pwr.c.obj)
                0x0000000008007bbc                stm32_usb_pwr_enable
 .text.stm32_usb_pwr_disable
                0x0000000008007c2c       0x40 zephyr/drivers/usb/common/stm32/libdrivers__usb__common__stm32.a(stm32_usb_pwr.c.obj)
                0x0000000008007c2c                stm32_usb_pwr_disable
 .text.get_hclk_frequency
                0x0000000008007c6c       0x28 zephyr/drivers/clock_control/libdrivers__clock_control.a(clock_stm32_ll_h7.c.obj)
 .text.stm32_clock_control_get_subsys_rate
                0x0000000008007c94       0xf8 zephyr/drivers/clock_control/libdrivers__clock_control.a(clock_stm32_ll_h7.c.obj)
 .text.stm32_clock_control_init
                0x0000000008007d8c      0x1f4 zephyr/drivers/clock_control/libdrivers__clock_control.a(clock_stm32_ll_h7.c.obj)
                0x0000000008007d8c                stm32_clock_control_init
 .text.enabled_clock
                0x0000000008007f80       0x20 zephyr/drivers/clock_control/libdrivers__clock_control.a(clock_stm32_ll_h7.c.obj)
                0x0000000008007f80                enabled_clock
 .text.uart_console_init
                0x0000000008007fa0       0x28 zephyr/drivers/console/libdrivers__console.a(uart_console.c.obj)
 .text.console_out
                0x0000000008007fc8       0x28 zephyr/drivers/console/libdrivers__console.a(uart_console.c.obj)
 .text.gpio_stm32_pin_interrupt_configure
                0x0000000008007ff0       0xb0 zephyr/drivers/gpio/libdrivers__gpio.a(gpio_stm32.c.obj)
 .text.gpio_stm32_init
                0x00000000080080a0       0x38 zephyr/drivers/gpio/libdrivers__gpio.a(gpio_stm32.c.obj)
 .text.z_impl_hwinfo_get_device_id
                0x00000000080080d8       0x38 zephyr/drivers/hwinfo/libdrivers__hwinfo.a(hwinfo_stm32.c.obj)
                0x00000000080080d8                z_impl_hwinfo_get_device_id
 .text.pinctrl_configure_pins
                0x0000000008008110       0x84 zephyr/drivers/pinctrl/libdrivers__pinctrl.a(pinctrl_stm32.c.obj)
                0x0000000008008110                pinctrl_configure_pins
 .text.uart_stm32_set_baudrate
                0x0000000008008194       0xa0 zephyr/drivers/serial/libdrivers__serial.a(uart_stm32.c.obj)
 .text.uart_stm32_parameters_set
                0x0000000008008234      0x13c zephyr/drivers/serial/libdrivers__serial.a(uart_stm32.c.obj)
 .text.uart_stm32_init
                0x0000000008008370      0x1f4 zephyr/drivers/serial/libdrivers__serial.a(uart_stm32.c.obj)
 .text.uart_stm32_configure
                0x0000000008008564      0x184 zephyr/drivers/serial/libdrivers__serial.a(uart_stm32.c.obj)
 .text.elapsed  0x00000000080086e8       0x4c zephyr/drivers/timer/libdrivers__timer.a(cortex_m_systick.c.obj)
 .text.sys_clock_driver_init
                0x0000000008008734       0x34 zephyr/drivers/timer/libdrivers__timer.a(cortex_m_systick.c.obj)
 .text.sys_clock_isr
                0x0000000008008768       0x60 zephyr/drivers/timer/libdrivers__timer.a(cortex_m_systick.c.obj)
                0x0000000008008768                sys_clock_isr
 .text.sys_clock_set_timeout
                0x00000000080087c8       0xfc zephyr/drivers/timer/libdrivers__timer.a(cortex_m_systick.c.obj)
                0x00000000080087c8                sys_clock_set_timeout
 .text.sys_clock_elapsed
                0x00000000080088c4       0x3c zephyr/drivers/timer/libdrivers__timer.a(cortex_m_systick.c.obj)
                0x00000000080088c4                sys_clock_elapsed
 .text.HAL_RCC_GetSysClockFreq
                0x0000000008008900      0x158 modules/hal_stm32/stm32cube/lib..__modules__hal__stm32__stm32cube.a(stm32h7xx_hal_rcc.c.obj)
                0x0000000008008900                HAL_RCC_GetSysClockFreq
 .text.HAL_RCC_GetHCLKFreq
                0x0000000008008a58       0x44 modules/hal_stm32/stm32cube/lib..__modules__hal__stm32__stm32cube.a(stm32h7xx_hal_rcc.c.obj)
                0x0000000008008a58                HAL_RCC_GetHCLKFreq
 .text.HAL_PCD_IRQHandler
                0x0000000008008a9c      0x6c8 modules/hal_stm32/stm32cube/lib..__modules__hal__stm32__stm32cube.a(stm32h7xx_hal_pcd.c.obj)
                0x0000000008008a9c                HAL_PCD_IRQHandler
 .text.USB_SetTurnaroundTime
                0x0000000008009164       0xe0 modules/hal_stm32/stm32cube/lib..__modules__hal__stm32__stm32cube.a(stm32h7xx_ll_usb.c.obj)
                0x0000000008009164                USB_SetTurnaroundTime
 .text.USB_DevInit
                0x0000000008009244      0x180 modules/hal_stm32/stm32cube/lib..__modules__hal__stm32__stm32cube.a(stm32h7xx_ll_usb.c.obj)
                0x0000000008009244                USB_DevInit
 .text.USB_DeactivateEndpoint
                0x00000000080093c4       0xc0 modules/hal_stm32/stm32cube/lib..__modules__hal__stm32__stm32cube.a(stm32h7xx_ll_usb.c.obj)
                0x00000000080093c4                USB_DeactivateEndpoint
 .text.USB_EPStartXfer
                0x0000000008009484      0x1c8 modules/hal_stm32/stm32cube/lib..__modules__hal__stm32__stm32cube.a(stm32h7xx_ll_usb.c.obj)
                0x0000000008009484                USB_EPStartXfer
 .text.USB_EP0_OutStart
                0x000000000800964c       0x4c modules/hal_stm32/stm32cube/lib..__modules__hal__stm32__stm32cube.a(stm32h7xx_ll_usb.c.obj)
                0x000000000800964c                USB_EP0_OutStart
 .text.LL_SetFlashLatency
                0x0000000008009698      0x198 modules/hal_stm32/stm32cube/lib..__modules__hal__stm32__stm32cube.a(stm32h7xx_ll_utils.c.obj)
                0x0000000008009698                LL_SetFlashLatency
 .text.k_sys_fatal_error_handler
                0x0000000008009830       0x20 zephyr/kernel/libkernel.a(fatal.c.obj)
                0x0000000008009830                k_sys_fatal_error_handler
 .text.z_fatal_error
                0x0000000008009850       0xe8 zephyr/kernel/libkernel.a(fatal.c.obj)
                0x0000000008009850                z_fatal_error
 .text.z_sys_init_run_level
                0x0000000008009938       0x30 zephyr/kernel/libkernel.a(init.c.obj)
 .text.bg_thread_main
                0x0000000008009968       0xc0 zephyr/kernel/libkernel.a(init.c.obj)
 .text.z_init_cpu
                0x0000000008009a28       0x70 zephyr/kernel/libkernel.a(init.c.obj)
                0x0000000008009a28                z_init_cpu
 .text.z_cstart
                0x0000000008009a98       0xc8 zephyr/kernel/libkernel.a(init.c.obj)
                0x0000000008009a98                z_cstart
 .text.statics_init
                0x0000000008009b60       0x24 zephyr/kernel/libkernel.a(kheap.c.obj)
 .text.k_heap_aligned_alloc
                0x0000000008009b84       0x1c zephyr/kernel/libkernel.a(kheap.c.obj)
                0x0000000008009b84                k_heap_aligned_alloc
 .text.init_mem_slab_obj_core_list
                0x0000000008009ba0       0x24 zephyr/kernel/libkernel.a(mem_slab.c.obj)
 .text.k_mem_slab_alloc
                0x0000000008009bc4       0x5c zephyr/kernel/libkernel.a(mem_slab.c.obj)
                0x0000000008009bc4                k_mem_slab_alloc
 .text.put_msg_in_queue
                0x0000000008009c20       0xd0 zephyr/kernel/libkernel.a(msg_q.c.obj)
 .text.z_impl_k_msgq_get
                0x0000000008009cf0       0xc4 zephyr/kernel/libkernel.a(msg_q.c.obj)
                0x0000000008009cf0                z_impl_k_msgq_get
 .text.z_impl_k_mutex_lock
                0x0000000008009db4       0xf0 zephyr/kernel/libkernel.a(mutex.c.obj)
                0x0000000008009db4                z_impl_k_mutex_lock
 .text.z_impl_k_mutex_unlock
                0x0000000008009ea4       0xa0 zephyr/kernel/libkernel.a(mutex.c.obj)
                0x0000000008009ea4                z_impl_k_mutex_unlock
 .text.z_impl_k_queue_get
                0x0000000008009f44       0x64 zephyr/kernel/libkernel.a(queue.c.obj)
                0x0000000008009f44                z_impl_k_queue_get
 .text.z_impl_k_sem_give
                0x0000000008009fa8       0x68 zephyr/kernel/libkernel.a(sem.c.obj)
                0x0000000008009fa8                z_impl_k_sem_give
 .text.z_impl_k_sem_take
                0x000000000800a010       0x4c zephyr/kernel/libkernel.a(sem.c.obj)
                0x000000000800a010                z_impl_k_sem_take
 .text.work_queue_main
                0x000000000800a05c      0x14c zephyr/kernel/libkernel.a(work.c.obj)
 .text.submit_to_queue_locked
                0x000000000800a1a8       0xb4 zephyr/kernel/libkernel.a(work.c.obj)
 .text.k_work_submit
                0x000000000800a25c        0xc zephyr/kernel/libkernel.a(work.c.obj)
                0x000000000800a25c                k_work_submit
 .text.k_work_queue_start
                0x000000000800a268       0x80 zephyr/kernel/libkernel.a(work.c.obj)
                0x000000000800a268                k_work_queue_start
 .text.k_work_schedule_for_queue
                0x000000000800a2e8       0x54 zephyr/kernel/libkernel.a(work.c.obj)
                0x000000000800a2e8                k_work_schedule_for_queue
 .text.k_work_schedule
                0x000000000800a33c        0xc zephyr/kernel/libkernel.a(work.c.obj)
                0x000000000800a33c                k_work_schedule
 .text.k_work_reschedule_for_queue
                0x000000000800a348       0x5c zephyr/kernel/libkernel.a(work.c.obj)
                0x000000000800a348                k_work_reschedule_for_queue
 .text.k_work_reschedule
                0x000000000800a3a4        0xc zephyr/kernel/libkernel.a(work.c.obj)
                0x000000000800a3a4                k_work_reschedule
 .text.z_setup_new_thread
                0x000000000800a3b0       0x9c zephyr/kernel/libkernel.a(thread.c.obj)
                0x000000000800a3b0                z_setup_new_thread
 .text.z_impl_k_thread_create
                0x000000000800a44c       0x58 zephyr/kernel/libkernel.a(thread.c.obj)
                0x000000000800a44c                z_impl_k_thread_create
 .text.z_dummy_thread_init
                0x000000000800a4a4       0x18 zephyr/kernel/libkernel.a(thread.c.obj)
                0x000000000800a4a4                z_dummy_thread_init
 .text.z_swap_irqlock
                0x000000000800a4bc       0x30 zephyr/kernel/libkernel.a(sched.c.obj)
 .text.ready_thread
                0x000000000800a4ec       0x84 zephyr/kernel/libkernel.a(sched.c.obj)
 .text.unready_thread
                0x000000000800a570       0x54 zephyr/kernel/libkernel.a(sched.c.obj)
 .text.add_thread_timeout
                0x000000000800a5c4       0x1c zephyr/kernel/libkernel.a(sched.c.obj)
 .text.move_current_to_end_of_prio_q
                0x000000000800a5e0       0x70 zephyr/kernel/libkernel.a(sched.c.obj)
                0x000000000800a5e0                move_current_to_end_of_prio_q
 .text.z_pend_curr
                0x000000000800a650       0x44 zephyr/kernel/libkernel.a(sched.c.obj)
                0x000000000800a650                z_pend_curr
 .text.z_thread_prio_set
                0x000000000800a694       0xe4 zephyr/kernel/libkernel.a(sched.c.obj)
                0x000000000800a694                z_thread_prio_set
 .text.z_reschedule
                0x000000000800a778       0x24 zephyr/kernel/libkernel.a(sched.c.obj)
                0x000000000800a778                z_reschedule
 .text.z_reschedule_irqlock
                0x000000000800a79c       0x28 zephyr/kernel/libkernel.a(sched.c.obj)
                0x000000000800a79c                z_reschedule_irqlock
 .text.k_sched_lock
                0x000000000800a7c4       0x28 zephyr/kernel/libkernel.a(sched.c.obj)
                0x000000000800a7c4                k_sched_lock
 .text.k_sched_unlock
                0x000000000800a7ec       0x68 zephyr/kernel/libkernel.a(sched.c.obj)
                0x000000000800a7ec                k_sched_unlock
 .text.z_sched_init
                0x000000000800a854       0x10 zephyr/kernel/libkernel.a(sched.c.obj)
                0x000000000800a854                z_sched_init
 .text.z_impl_k_yield
                0x000000000800a864       0x88 zephyr/kernel/libkernel.a(sched.c.obj)
                0x000000000800a864                z_impl_k_yield
 .text.z_tick_sleep
                0x000000000800a8ec       0x78 zephyr/kernel/libkernel.a(sched.c.obj)
 .text.z_impl_k_wakeup
                0x000000000800a964       0x48 zephyr/kernel/libkernel.a(sched.c.obj)
                0x000000000800a964                z_impl_k_wakeup
 .text.z_impl_k_sched_current_thread_query
                0x000000000800a9ac        0xc zephyr/kernel/libkernel.a(sched.c.obj)
                0x000000000800a9ac                z_impl_k_sched_current_thread_query
 .text.z_thread_abort
                0x000000000800a9b8      0x140 zephyr/kernel/libkernel.a(sched.c.obj)
                0x000000000800a9b8                z_thread_abort
 .text.z_sched_wait
                0x000000000800aaf8       0x24 zephyr/kernel/libkernel.a(sched.c.obj)
                0x000000000800aaf8                z_sched_wait
 .text.z_time_slice_size
                0x000000000800ab1c       0x40 zephyr/kernel/libkernel.a(timeslicing.c.obj)
 .text.slice_timeout
                0x000000000800ab5c       0x20 zephyr/kernel/libkernel.a(timeslicing.c.obj)
 .text.z_reset_time_slice
                0x000000000800ab7c       0x48 zephyr/kernel/libkernel.a(timeslicing.c.obj)
                0x000000000800ab7c                z_reset_time_slice
 .text.z_time_slice
                0x000000000800abc4       0x5c zephyr/kernel/libkernel.a(timeslicing.c.obj)
                0x000000000800abc4                z_time_slice
 .text.first    0x000000000800ac20       0x10 zephyr/kernel/libkernel.a(timeout.c.obj)
 .text.elapsed  0x000000000800ac30       0x14 zephyr/kernel/libkernel.a(timeout.c.obj)
 .text.remove_timeout
                0x000000000800ac44       0x38 zephyr/kernel/libkernel.a(timeout.c.obj)
 .text.z_add_timeout
                0x000000000800ac7c      0x120 zephyr/kernel/libkernel.a(timeout.c.obj)
                0x000000000800ac7c                z_add_timeout
 .text.sys_clock_announce
                0x000000000800ad9c       0xc0 zephyr/kernel/libkernel.a(timeout.c.obj)
                0x000000000800ad9c                sys_clock_announce
 .text.sys_clock_tick_get
                0x000000000800ae5c       0x30 zephyr/kernel/libkernel.a(timeout.c.obj)
                0x000000000800ae5c                sys_clock_tick_get
 .text.z_timer_expiration_handler
                0x000000000800ae8c      0x104 zephyr/kernel/libkernel.a(timer.c.obj)
                0x000000000800ae8c                z_timer_expiration_handler
 .text.z_impl_k_timer_start
                0x000000000800af90       0x70 zephyr/kernel/libkernel.a(timer.c.obj)
                0x000000000800af90                z_impl_k_timer_start
 .text.z_thread_alloc_helper
                0x000000000800b000       0x4c zephyr/kernel/libkernel.a(mempool.c.obj)
 .text.z_thread_malloc
                0x000000000800b04c       0x10 zephyr/kernel/libkernel.a(mempool.c.obj)
                0x000000000800b04c                z_thread_malloc
 .text.boot_banner
                0x000000000800b05c        0xc zephyr/kernel/libkernel.a(banner.c.obj)
                0x000000000800b05c                boot_banner
 .text.k_sys_work_q_init
                0x000000000800b068       0x2c zephyr/kernel/libkernel.a(system_work_q.c.obj)
 .text.snprintf
                0x000000000800b094       0x54 /home/marcus/zephyr-sdk-0.17.4/arm-zephyr-eabi/bin/../lib/gcc/../../picolibc/arm-zephyr-eabi/lib/thumb/v7e-m/nofp/libc.a(libc_tinystdio_snprintf.c.o)
                0x000000000800b094                snprintf
 .text.__l_vfprintf
                0x000000000800b0e8      0x4b8 /home/marcus/zephyr-sdk-0.17.4/arm-zephyr-eabi/bin/../lib/gcc/../../picolibc/arm-zephyr-eabi/lib/thumb/v7e-m/nofp/libc.a(libc_tinystdio_vflprintf.c.o)
                0x000000000800b0e8                __l_vfprintf
 .text._OffsetAbsSyms
                0x000000000800b5a0        0x2 zephyr/CMakeFiles/offsets.dir/./arch/arm/core/offsets/offsets.c.obj
                0x000000000800b5a0                _OffsetAbsSyms
 .text.z_log_msg_simple_create_0
                0x000000000800b5a2        0x4 app/libapp.a(main.c.obj)
 .text.kb_output_report
                0x000000000800b5a6       0x14 app/libapp.a(main.c.obj)
 .text.chunk_field
                0x000000000800b5ba       0x16 zephyr/libzephyr.a(heap.c.obj)
 .text.chunk_set
                0x000000000800b5d0       0x16 zephyr/libzephyr.a(heap.c.obj)
 .text.chunk_size
                0x000000000800b5e6        0xc zephyr/libzephyr.a(heap.c.obj)
 .text.set_chunk_used
                0x000000000800b5f2       0x30 zephyr/libzephyr.a(heap.c.obj)
 .text.set_chunk_size
                0x000000000800b622        0x8 zephyr/libzephyr.a(heap.c.obj)
 .text.mem_to_chunkid
                0x000000000800b62a       0x14 zephyr/libzephyr.a(heap.c.obj)
 .text.bucket_idx
                0x000000000800b63e       0x1e zephyr/libzephyr.a(heap.c.obj)
 .text.free_list_remove_bidx
                0x000000000800b65c       0x5c zephyr/libzephyr.a(heap.c.obj)
 .text.free_list_remove
                0x000000000800b6b8       0x2e zephyr/libzephyr.a(heap.c.obj)
 .text.alloc_chunk
                0x000000000800b6e6       0x72 zephyr/libzephyr.a(heap.c.obj)
 .text.split_chunks
                0x000000000800b758       0x4e zephyr/libzephyr.a(heap.c.obj)
 .text.merge_chunks
                0x000000000800b7a6       0x3c zephyr/libzephyr.a(heap.c.obj)
 .text.free_list_add
                0x000000000800b7e2       0x84 zephyr/libzephyr.a(heap.c.obj)
 .text.free_chunk
                0x000000000800b866       0x84 zephyr/libzephyr.a(heap.c.obj)
 .text.sys_heap_free
                0x000000000800b8ea       0x24 zephyr/libzephyr.a(heap.c.obj)
                0x000000000800b8ea                sys_heap_free
 .text.sys_heap_alloc
                0x000000000800b90e       0x78 zephyr/libzephyr.a(heap.c.obj)
                0x000000000800b90e                sys_heap_alloc
 .text.sys_heap_noalign_alloc
                0x000000000800b986        0x6 zephyr/libzephyr.a(heap.c.obj)
                0x000000000800b986                sys_heap_noalign_alloc
 .text.sys_heap_aligned_alloc
                0x000000000800b98c       0xfe zephyr/libzephyr.a(heap.c.obj)
                0x000000000800b98c                sys_heap_aligned_alloc
 .text.sys_heap_init
                0x000000000800ba8a       0xb0 zephyr/libzephyr.a(heap.c.obj)
                0x000000000800ba8a                sys_heap_init
 .text.cbpprintf_external
                0x000000000800bb3a       0x62 zephyr/libzephyr.a(cbprintf_packaged.c.obj)
                0x000000000800bb3a                cbpprintf_external
 .text.is_ptr   0x000000000800bb9c       0x4a zephyr/libzephyr.a(cbprintf_packaged.c.obj)
                0x000000000800bb9c                is_ptr
 .text.arch_printk_char_out
                0x000000000800bbe6        0x4 zephyr/libzephyr.a(printk.c.obj)
                0x000000000800bbe6                arch_printk_char_out
 .text.printk   0x000000000800bbea       0x1a zephyr/libzephyr.a(printk.c.obj)
                0x000000000800bbea                printk
 .text.free_space
                0x000000000800bc04       0x26 zephyr/libzephyr.a(mpsc_pbuf.c.obj)
 .text.get_usage
                0x000000000800bc2a       0x22 zephyr/libzephyr.a(mpsc_pbuf.c.obj)
 .text.idx_inc  0x000000000800bc4c       0x1c zephyr/libzephyr.a(mpsc_pbuf.c.obj)
 .text.rd_idx_inc
                0x000000000800bc68       0x18 zephyr/libzephyr.a(mpsc_pbuf.c.obj)
 .text.add_skip_item
                0x000000000800bc80       0x3a zephyr/libzephyr.a(mpsc_pbuf.c.obj)
 .text.drop_item_locked
                0x000000000800bcba      0x100 zephyr/libzephyr.a(mpsc_pbuf.c.obj)
 .text.post_drop_action
                0x000000000800bdba       0x36 zephyr/libzephyr.a(mpsc_pbuf.c.obj)
 .text.max_utilization_update
                0x000000000800bdf0       0x1a zephyr/libzephyr.a(mpsc_pbuf.c.obj)
 .text.mpsc_pbuf_init
                0x000000000800be0a       0x42 zephyr/libzephyr.a(mpsc_pbuf.c.obj)
                0x000000000800be0a                mpsc_pbuf_init
 .text.mpsc_pbuf_alloc
                0x000000000800be4c       0xfe zephyr/libzephyr.a(mpsc_pbuf.c.obj)
                0x000000000800be4c                mpsc_pbuf_alloc
 .text.mpsc_pbuf_commit
                0x000000000800bf4a       0x3e zephyr/libzephyr.a(mpsc_pbuf.c.obj)
                0x000000000800bf4a                mpsc_pbuf_commit
 .text.mpsc_pbuf_claim
                0x000000000800bf88       0xb6 zephyr/libzephyr.a(mpsc_pbuf.c.obj)
                0x000000000800bf88                mpsc_pbuf_claim
 .text.mpsc_pbuf_free
                0x000000000800c03e       0x76 zephyr/libzephyr.a(mpsc_pbuf.c.obj)
                0x000000000800c03e                mpsc_pbuf_free
 .text.mpsc_pbuf_is_pending
                0x000000000800c0b4       0x32 zephyr/libzephyr.a(mpsc_pbuf.c.obj)
                0x000000000800c0b4                mpsc_pbuf_is_pending
 .text._ConfigAbsSyms
                0x000000000800c0e6        0x2 zephyr/libzephyr.a(configs.c.obj)
                0x000000000800c0e6                _ConfigAbsSyms
 .text.HAL_Delay
                0x000000000800c0e8       0x16 zephyr/libzephyr.a(stm32cube_hal.c.obj)
                0x000000000800c0e8                HAL_Delay
 .text.log_msg_generic_get_wlen
                0x000000000800c0fe       0x20 zephyr/libzephyr.a(log_core.c.obj)
 .text.dummy_timestamp
                0x000000000800c11e        0x4 zephyr/libzephyr.a(log_core.c.obj)
 .text.atomic_inc
                0x000000000800c122       0x1a zephyr/libzephyr.a(log_core.c.obj)
 .text.default_lf_get_timestamp
                0x000000000800c13c       0x10 zephyr/libzephyr.a(log_core.c.obj)
 .text.z_log_vprintk
                0x000000000800c14c       0x1c zephyr/libzephyr.a(log_core.c.obj)
                0x000000000800c14c                z_log_vprintk
 .text.z_log_notify_drop
                0x000000000800c168        0x6 zephyr/libzephyr.a(log_core.c.obj)
 .text.z_log_get_tag
                0x000000000800c16e        0x4 zephyr/libzephyr.a(log_core.c.obj)
                0x000000000800c16e                z_log_get_tag
 .text.log_backend_enable
                0x000000000800c172       0x12 zephyr/libzephyr.a(log_mgmt.c.obj)
                0x000000000800c172                log_backend_enable
 .text.z_cbprintf_cpy
                0x000000000800c184       0x2e zephyr/libzephyr.a(log_msg.c.obj)
 .text.z_log_msg_finalize
                0x000000000800c1b2       0x32 zephyr/libzephyr.a(log_msg.c.obj)
                0x000000000800c1b2                z_log_msg_finalize
 .text.z_log_msg_simple_create
                0x000000000800c1e4       0x6e zephyr/libzephyr.a(log_msg.c.obj)
 .text.z_impl_z_log_msg_simple_create_0
                0x000000000800c252       0x12 zephyr/libzephyr.a(log_msg.c.obj)
                0x000000000800c252                z_impl_z_log_msg_simple_create_0
 .text.z_impl_z_log_msg_simple_create_1
                0x000000000800c264       0x14 zephyr/libzephyr.a(log_msg.c.obj)
                0x000000000800c264                z_impl_z_log_msg_simple_create_1
 .text.z_impl_z_log_msg_simple_create_2
                0x000000000800c278       0x18 zephyr/libzephyr.a(log_msg.c.obj)
                0x000000000800c278                z_impl_z_log_msg_simple_create_2
 .text.log_output_write
                0x000000000800c290       0x1c zephyr/libzephyr.a(log_output.c.obj)
 .text.log_output_flush
                0x000000000800c2ac       0x1a zephyr/libzephyr.a(log_output.c.obj)
 .text.out_func
                0x000000000800c2c6       0x36 zephyr/libzephyr.a(log_output.c.obj)
 .text.cr_out_func
                0x000000000800c2fc       0x1c zephyr/libzephyr.a(log_output.c.obj)
 .text.log_output_msg_process
                0x000000000800c318       0x6c zephyr/libzephyr.a(log_output.c.obj)
                0x000000000800c318                log_output_msg_process
 .text.format_set
                0x000000000800c384        0xc zephyr/libzephyr.a(log_backend_uart.c.obj)
 .text.log_backend_uart_init
                0x000000000800c390        0xc zephyr/libzephyr.a(log_backend_uart.c.obj)
 .text.panic    0x000000000800c39c       0x32 zephyr/libzephyr.a(log_backend_uart.c.obj)
 .text.dropped  0x000000000800c3ce        0xa zephyr/libzephyr.a(log_backend_uart.c.obj)
 .text.process  0x000000000800c3d8       0x1e zephyr/libzephyr.a(log_backend_uart.c.obj)
 .text.arch_early_memset
                0x000000000800c3f6        0x4 zephyr/arch/common/libarch__common.a(init.c.obj)
                0x000000000800c3f6                arch_early_memset
 .text.arch_early_memcpy
                0x000000000800c3fa        0x4 zephyr/arch/common/libarch__common.a(init.c.obj)
                0x000000000800c3fa                arch_early_memcpy
 .text.z_do_kernel_oops
                0x000000000800c3fe        0x8 zephyr/arch/arch/arm/core/libarch__arm__core.a(fatal.c.obj)
                0x000000000800c3fe                z_do_kernel_oops
 .text.z_arm_nmi
                0x000000000800c406        0xe zephyr/arch/arch/arm/core/libarch__arm__core.a(nmi.c.obj)
                0x000000000800c406                z_arm_nmi
 .text.z_log_msg_simple_create_0.constprop.0
                0x000000000800c414        0x8 zephyr/arch/arch/arm/core/cortex_m/libarch__arm__core__cortex_m.a(fault.c.obj)
 .text.z_irq_spurious
                0x000000000800c41c        0x8 zephyr/arch/arch/arm/core/cortex_m/libarch__arm__core__cortex_m.a(irq_manage.c.obj)
                0x000000000800c41c                z_irq_spurious
 .text.arch_coprocessors_disable
                0x000000000800c424        0x6 zephyr/arch/arch/arm/core/cortex_m/libarch__arm__core__cortex_m.a(thread.c.obj)
                0x000000000800c424                arch_coprocessors_disable
 .text.arch_irq_unlock_outlined
                0x000000000800c42a        0xe zephyr/arch/arch/arm/core/cortex_m/libarch__arm__core__cortex_m.a(thread.c.obj)
                0x000000000800c42a                arch_irq_unlock_outlined
 .text.arch_cpu_idle
                0x000000000800c438       0x1a zephyr/arch/arch/arm/core/cortex_m/libarch__arm__core__cortex_m.a(cpu_idle.c.obj)
                0x000000000800c438                arch_cpu_idle
 .text.arch_cache_init
                0x000000000800c452        0x2 zephyr/arch/arch/arm/core/cortex_m/libarch__arm__core__cortex_m.a(cache.c.obj)
                0x000000000800c452                arch_cache_init
 .text.size_to_mpu_rasr_size
                0x000000000800c454       0x20 zephyr/arch/arch/arm/core/mpu/libarch__arm__core__mpu.a(arm_mpu.c.obj)
 .text.cbputc   0x000000000800c474        0xc zephyr/lib/libc/picolibc/liblib__libc__picolibc.a(cbprintf.c.obj)
 .text.picolibc_put
                0x000000000800c480        0xa zephyr/lib/libc/picolibc/liblib__libc__picolibc.a(stdio.c.obj)
 .text.fixed_data_unref
                0x000000000800c48a        0x2 zephyr/lib/net_buf/liblib__net_buf.a(buf.c.obj)
 .text.net_buf_alloc_fixed
                0x000000000800c48c        0x8 zephyr/lib/net_buf/liblib__net_buf.a(buf.c.obj)
                0x000000000800c48c                net_buf_alloc_fixed
 .text.net_buf_alloc_with_data
                0x000000000800c494       0x26 zephyr/lib/net_buf/liblib__net_buf.a(buf.c.obj)
                0x000000000800c494                net_buf_alloc_with_data
 .text.net_buf_frag_insert
                0x000000000800c4ba       0x16 zephyr/lib/net_buf/liblib__net_buf.a(buf.c.obj)
                0x000000000800c4ba                net_buf_frag_insert
 .text.net_buf_frag_add
                0x000000000800c4d0       0x22 zephyr/lib/net_buf/liblib__net_buf.a(buf.c.obj)
                0x000000000800c4d0                net_buf_frag_add
 .text.net_buf_frag_del
                0x000000000800c4f2       0x18 zephyr/lib/net_buf/liblib__net_buf.a(buf.c.obj)
                0x000000000800c4f2                net_buf_frag_del
 .text.net_buf_simple_init_with_data
                0x000000000800c50a        0xc zephyr/lib/net_buf/liblib__net_buf.a(buf_simple.c.obj)
                0x000000000800c50a                net_buf_simple_init_with_data
 .text.net_buf_simple_add
                0x000000000800c516        0xc zephyr/lib/net_buf/liblib__net_buf.a(buf_simple.c.obj)
                0x000000000800c516                net_buf_simple_add
 .text.net_buf_simple_add_mem
                0x000000000800c522       0x12 zephyr/lib/net_buf/liblib__net_buf.a(buf_simple.c.obj)
                0x000000000800c522                net_buf_simple_add_mem
 .text.net_buf_simple_add_u8
                0x000000000800c534       0x10 zephyr/lib/net_buf/liblib__net_buf.a(buf_simple.c.obj)
                0x000000000800c534                net_buf_simple_add_u8
 .text.net_buf_simple_add_le16
                0x000000000800c544       0x14 zephyr/lib/net_buf/liblib__net_buf.a(buf_simple.c.obj)
                0x000000000800c544                net_buf_simple_add_le16
 .text.net_buf_simple_remove_mem
                0x000000000800c558        0xe zephyr/lib/net_buf/liblib__net_buf.a(buf_simple.c.obj)
                0x000000000800c558                net_buf_simple_remove_mem
 .text.net_buf_simple_tailroom
                0x000000000800c566       0x10 zephyr/lib/net_buf/liblib__net_buf.a(buf_simple.c.obj)
                0x000000000800c566                net_buf_simple_tailroom
 .text.z_log_msg_simple_create_0
                0x000000000800c576        0x4 zephyr/subsys/usb/device_next/libsubsys__usb__device_next.a(usbd_device.c.obj)
 .text.usbd_device_lock
                0x000000000800c57a        0xe zephyr/subsys/usb/device_next/libsubsys__usb__device_next.a(usbd_device.c.obj)
 .text.k_mutex_unlock.isra.0
                0x000000000800c588        0x4 zephyr/subsys/usb/device_next/libsubsys__usb__device_next.a(usbd_device.c.obj)
 .text.usbd_bus_speed
                0x000000000800c58c        0xa zephyr/subsys/usb/device_next/libsubsys__usb__device_next.a(usbd_device.c.obj)
                0x000000000800c58c                usbd_bus_speed
 .text.usbd_caps_speed
                0x000000000800c596        0xe zephyr/subsys/usb/device_next/libsubsys__usb__device_next.a(usbd_device.c.obj)
                0x000000000800c596                usbd_caps_speed
 .text.usbd_device_set_code_triple
                0x000000000800c5a4       0x48 zephyr/subsys/usb/device_next/libsubsys__usb__device_next.a(usbd_device.c.obj)
                0x000000000800c5a4                usbd_device_set_code_triple
 .text.usbd_self_powered
                0x000000000800c5ec       0x20 zephyr/subsys/usb/device_next/libsubsys__usb__device_next.a(usbd_device.c.obj)
                0x000000000800c5ec                usbd_self_powered
 .text.usbd_is_suspended
                0x000000000800c60c        0xa zephyr/subsys/usb/device_next/libsubsys__usb__device_next.a(usbd_device.c.obj)
                0x000000000800c60c                usbd_is_suspended
 .text.usbd_can_detect_vbus
                0x000000000800c616        0xe zephyr/subsys/usb/device_next/libsubsys__usb__device_next.a(usbd_device.c.obj)
                0x000000000800c616                usbd_can_detect_vbus
 .text.usbd_device_get_vreq
                0x000000000800c624       0x28 zephyr/subsys/usb/device_next/libsubsys__usb__device_next.a(usbd_device.c.obj)
                0x000000000800c624                usbd_device_get_vreq
 .text.usbd_get_descriptor
                0x000000000800c64c       0x34 zephyr/subsys/usb/device_next/libsubsys__usb__device_next.a(usbd_desc.c.obj)
                0x000000000800c64c                usbd_get_descriptor
 .text.usbd_str_desc_get_idx
                0x000000000800c680        0xa zephyr/subsys/usb/device_next/libsubsys__usb__device_next.a(usbd_desc.c.obj)
                0x000000000800c680                usbd_str_desc_get_idx
 .text.reqtype_is_to_host
                0x000000000800c68a        0xc zephyr/subsys/usb/device_next/libsubsys__usb__device_next.a(usbd_ch9.c.obj)
 .text.sreq_feature_halt_notify
                0x000000000800c696       0x20 zephyr/subsys/usb/device_next/libsubsys__usb__device_next.a(usbd_ch9.c.obj)
 .text.z_log_msg_simple_create_0
                0x000000000800c6b6        0x4 zephyr/subsys/usb/device_next/libsubsys__usb__device_next.a(usbd_ch9.c.obj)
 .text.z_log_msg_static_create
                0x000000000800c6ba        0x4 zephyr/subsys/usb/device_next/libsubsys__usb__device_next.a(usbd_ch9.c.obj)
 .text.udc_test_mode
                0x000000000800c6be       0x46 zephyr/subsys/usb/device_next/libsubsys__usb__device_next.a(usbd_ch9.c.obj)
 .text.udc_set_address
                0x000000000800c704       0x38 zephyr/subsys/usb/device_next/libsubsys__usb__device_next.a(usbd_ch9.c.obj)
 .text.usbd_init_control_pipe
                0x000000000800c73c        0xc zephyr/subsys/usb/device_next/libsubsys__usb__device_next.a(usbd_ch9.c.obj)
                0x000000000800c73c                usbd_init_control_pipe
 .text.usbd_ep_bm_is_set.isra.0
                0x000000000800c748       0x12 zephyr/subsys/usb/device_next/libsubsys__usb__device_next.a(usbd_init.c.obj)
 .text.z_log_msg_simple_create_0
                0x000000000800c75a        0x4 zephyr/subsys/usb/device_next/libsubsys__usb__device_next.a(usbd_config.c.obj)
 .text.usbd_device_lock
                0x000000000800c75e        0xe zephyr/subsys/usb/device_next/libsubsys__usb__device_next.a(usbd_config.c.obj)
 .text.k_mutex_unlock.isra.0
                0x000000000800c76c        0x4 zephyr/subsys/usb/device_next/libsubsys__usb__device_next.a(usbd_config.c.obj)
 .text.usbd_config_get
                0x000000000800c770       0x28 zephyr/subsys/usb/device_next/libsubsys__usb__device_next.a(usbd_config.c.obj)
                0x000000000800c770                usbd_config_get
 .text.usbd_config_get_current
                0x000000000800c798       0x28 zephyr/subsys/usb/device_next/libsubsys__usb__device_next.a(usbd_config.c.obj)
                0x000000000800c798                usbd_config_get_current
 .text.usbd_config_exist
                0x000000000800c7c0        0xe zephyr/subsys/usb/device_next/libsubsys__usb__device_next.a(usbd_config.c.obj)
                0x000000000800c7c0                usbd_config_exist
 .text.is_blocklisted
                0x000000000800c7ce       0x20 zephyr/subsys/usb/device_next/libsubsys__usb__device_next.a(usbd_class.c.obj)
 .text.z_log_msg_static_create.constprop.0
                0x000000000800c7ee        0x6 zephyr/subsys/usb/device_next/libsubsys__usb__device_next.a(usbd_class.c.obj)
 .text.usbd_device_lock
                0x000000000800c7f4        0xe zephyr/subsys/usb/device_next/libsubsys__usb__device_next.a(usbd_class.c.obj)
 .text.usbd_class_desc_len
                0x000000000800c802       0x20 zephyr/subsys/usb/device_next/libsubsys__usb__device_next.a(usbd_class.c.obj)
                0x000000000800c802                usbd_class_desc_len
 .text.usbd_class_get_by_config
                0x000000000800c822       0x20 zephyr/subsys/usb/device_next/libsubsys__usb__device_next.a(usbd_class.c.obj)
                0x000000000800c822                usbd_class_get_by_config
 .text.usbd_class_get_by_iface
                0x000000000800c842       0x20 zephyr/subsys/usb/device_next/libsubsys__usb__device_next.a(usbd_class.c.obj)
                0x000000000800c842                usbd_class_get_by_iface
 .text.usbd_class_get_by_req
                0x000000000800c862       0x2e zephyr/subsys/usb/device_next/libsubsys__usb__device_next.a(usbd_class.c.obj)
                0x000000000800c862                usbd_class_get_by_req
 .text.usbd_interface_shutdown
                0x000000000800c890       0x54 zephyr/subsys/usb/device_next/libsubsys__usb__device_next.a(usbd_interface.c.obj)
                0x000000000800c890                usbd_interface_shutdown
 .text.usbd_interface_default
                0x000000000800c8e4       0x50 zephyr/subsys/usb/device_next/libsubsys__usb__device_next.a(usbd_interface.c.obj)
                0x000000000800c8e4                usbd_interface_default
 .text.usbd_ep_bm_clear
                0x000000000800c934       0x1c zephyr/subsys/usb/device_next/libsubsys__usb__device_next.a(usbd_endpoint.c.obj)
 .text.usbd_ep_enable
                0x000000000800c950       0x36 zephyr/subsys/usb/device_next/libsubsys__usb__device_next.a(usbd_endpoint.c.obj)
                0x000000000800c950                usbd_ep_enable
 .text.usbd_ep_disable
                0x000000000800c986       0x2c zephyr/subsys/usb/device_next/libsubsys__usb__device_next.a(usbd_endpoint.c.obj)
                0x000000000800c986                usbd_ep_disable
 .text.usbd_ep_enqueue
                0x000000000800c9b2       0x30 zephyr/subsys/usb/device_next/libsubsys__usb__device_next.a(usbd_endpoint.c.obj)
                0x000000000800c9b2                usbd_ep_enqueue
 .text.usbd_ep_buf_free
                0x000000000800c9e2        0x6 zephyr/subsys/usb/device_next/libsubsys__usb__device_next.a(usbd_endpoint.c.obj)
                0x000000000800c9e2                usbd_ep_buf_free
 .text.usbd_ep_dequeue
                0x000000000800c9e8        0x6 zephyr/subsys/usb/device_next/libsubsys__usb__device_next.a(usbd_endpoint.c.obj)
                0x000000000800c9e8                usbd_ep_dequeue
 .text.usbd_ep_is_halted
                0x000000000800c9ee       0x14 zephyr/subsys/usb/device_next/libsubsys__usb__device_next.a(usbd_endpoint.c.obj)
                0x000000000800c9ee                usbd_ep_is_halted
 .text.usbd_msg_register_cb
                0x000000000800ca02       0x2c zephyr/subsys/usb/device_next/libsubsys__usb__device_next.a(usbd_msg.c.obj)
                0x000000000800ca02                usbd_msg_register_cb
 .text.usbd_msg_pub_simple
                0x000000000800ca2e       0x1c zephyr/subsys/usb/device_next/libsubsys__usb__device_next.a(usbd_msg.c.obj)
                0x000000000800ca2e                usbd_msg_pub_simple
 .text.usbd_hid_sof
                0x000000000800ca4a        0xe zephyr/subsys/usb/device_next/libsubsys__usb__device_next.a(usbd_hid.c.obj)
 .text.usbd_hid_get_desc
                0x000000000800ca58       0x10 zephyr/subsys/usb/device_next/libsubsys__usb__device_next.a(usbd_hid.c.obj)
 .text.usbd_hid_request
                0x000000000800ca68       0x96 zephyr/subsys/usb/device_next/libsubsys__usb__device_next.a(usbd_hid.c.obj)
 .text.z_log_msg_static_create.constprop.0
                0x000000000800cafe        0x6 zephyr/subsys/usb/device_next/libsubsys__usb__device_next.a(usbd_hid.c.obj)
 .text.hid_device_submit_report
                0x000000000800cb04        0x6 zephyr/subsys/usb/device_next/libsubsys__usb__device_next.a(usbd_hid_api.c.obj)
                0x000000000800cb04                hid_device_submit_report
 .text.hid_device_register
                0x000000000800cb0a        0xc zephyr/subsys/usb/device_next/libsubsys__usb__device_next.a(usbd_hid_api.c.obj)
                0x000000000800cb0a                hid_device_register
 .text.stm32_exti_gpio_intc_init
                0x000000000800cb16       0x92 zephyr/drivers/interrupt_controller/libdrivers__interrupt_controller.a(intc_gpio_stm32.c.obj)
 .text.stm32_gpio_intc_get_pin_irq_line
                0x000000000800cba8        0xa zephyr/drivers/interrupt_controller/libdrivers__interrupt_controller.a(intc_gpio_stm32.c.obj)
                0x000000000800cba8                stm32_gpio_intc_get_pin_irq_line
 .text.stm32_gpio_intc_disable_line
                0x000000000800cbb2       0x12 zephyr/drivers/interrupt_controller/libdrivers__interrupt_controller.a(intc_gpio_stm32.c.obj)
                0x000000000800cbb2                stm32_gpio_intc_disable_line
 .text.stm32_gpio_intc_select_line_trigger
                0x000000000800cbc4       0x52 zephyr/drivers/interrupt_controller/libdrivers__interrupt_controller.a(intc_gpio_stm32.c.obj)
                0x000000000800cbc4                stm32_gpio_intc_select_line_trigger
 .text.stm32_exti_set_line_src_port
                0x000000000800cc16       0x3c zephyr/drivers/interrupt_controller/libdrivers__interrupt_controller.a(intc_gpio_stm32.c.obj)
                0x000000000800cc16                stm32_exti_set_line_src_port
 .text.udc_pool_data_unref
                0x000000000800cc52       0x18 zephyr/drivers/usb/udc/libdrivers__usb__udc.a(udc_common.c.obj)
 .text.udc_pool_data_alloc
                0x000000000800cc6a       0x2e zephyr/drivers/usb/udc/libdrivers__usb__udc.a(udc_common.c.obj)
 .text.z_log_msg_static_create.constprop.0
                0x000000000800cc98        0x6 zephyr/drivers/usb/udc/libdrivers__usb__udc.a(udc_common.c.obj)
 .text.udc_is_initialized.isra.0
                0x000000000800cc9e       0x12 zephyr/drivers/usb/udc/libdrivers__usb__udc.a(udc_common.c.obj)
 .text.udc_is_enabled.isra.0
                0x000000000800ccb0       0x12 zephyr/drivers/usb/udc/libdrivers__usb__udc.a(udc_common.c.obj)
 .text.udc_get_ep_cfg
                0x000000000800ccc2       0x12 zephyr/drivers/usb/udc/libdrivers__usb__udc.a(udc_common.c.obj)
                0x000000000800ccc2                udc_get_ep_cfg
 .text.udc_ep_is_busy
                0x000000000800ccd4        0x8 zephyr/drivers/usb/udc/libdrivers__usb__udc.a(udc_common.c.obj)
                0x000000000800ccd4                udc_ep_is_busy
 .text.udc_ep_set_busy
                0x000000000800ccdc        0xa zephyr/drivers/usb/udc/libdrivers__usb__udc.a(udc_common.c.obj)
                0x000000000800ccdc                udc_ep_set_busy
 .text.udc_register_ep
                0x000000000800cce6       0x2c zephyr/drivers/usb/udc/libdrivers__usb__udc.a(udc_common.c.obj)
                0x000000000800cce6                udc_register_ep
 .text.udc_buf_get
                0x000000000800cd12        0x8 zephyr/drivers/usb/udc/libdrivers__usb__udc.a(udc_common.c.obj)
                0x000000000800cd12                udc_buf_get
 .text.udc_buf_peek
                0x000000000800cd1a        0x4 zephyr/drivers/usb/udc/libdrivers__usb__udc.a(udc_common.c.obj)
                0x000000000800cd1a                udc_buf_peek
 .text.udc_buf_put
                0x000000000800cd1e        0x4 zephyr/drivers/usb/udc/libdrivers__usb__udc.a(udc_common.c.obj)
                0x000000000800cd1e                udc_buf_put
 .text.udc_ep_buf_set_setup
                0x000000000800cd22        0xe zephyr/drivers/usb/udc/libdrivers__usb__udc.a(udc_common.c.obj)
                0x000000000800cd22                udc_ep_buf_set_setup
 .text.udc_ep_buf_has_zlp
                0x000000000800cd30        0x8 zephyr/drivers/usb/udc/libdrivers__usb__udc.a(udc_common.c.obj)
                0x000000000800cd30                udc_ep_buf_has_zlp
 .text.udc_ep_buf_clear_zlp
                0x000000000800cd38        0xa zephyr/drivers/usb/udc/libdrivers__usb__udc.a(udc_common.c.obj)
                0x000000000800cd38                udc_ep_buf_clear_zlp
 .text.udc_submit_event
                0x000000000800cd42       0x18 zephyr/drivers/usb/udc/libdrivers__usb__udc.a(udc_common.c.obj)
                0x000000000800cd42                udc_submit_event
 .text.udc_submit_ep_event
                0x000000000800cd5a       0x30 zephyr/drivers/usb/udc/libdrivers__usb__udc.a(udc_common.c.obj)
                0x000000000800cd5a                udc_submit_ep_event
 .text.udc_ep_try_config
                0x000000000800cd8a       0x8a zephyr/drivers/usb/udc/libdrivers__usb__udc.a(udc_common.c.obj)
                0x000000000800cd8a                udc_ep_try_config
 .text.udc_ep_enable
                0x000000000800ce14       0x52 zephyr/drivers/usb/udc/libdrivers__usb__udc.a(udc_common.c.obj)
                0x000000000800ce14                udc_ep_enable
 .text.udc_ep_disable
                0x000000000800ce66       0x38 zephyr/drivers/usb/udc/libdrivers__usb__udc.a(udc_common.c.obj)
                0x000000000800ce66                udc_ep_disable
 .text.udc_ep_set_halt
                0x000000000800ce9e       0x54 zephyr/drivers/usb/udc/libdrivers__usb__udc.a(udc_common.c.obj)
                0x000000000800ce9e                udc_ep_set_halt
 .text.udc_ep_clear_halt
                0x000000000800cef2       0x60 zephyr/drivers/usb/udc/libdrivers__usb__udc.a(udc_common.c.obj)
                0x000000000800cef2                udc_ep_clear_halt
 .text.udc_ctrl_alloc
                0x000000000800cf52        0x4 zephyr/drivers/usb/udc/libdrivers__usb__udc.a(udc_common.c.obj)
                0x000000000800cf52                udc_ctrl_alloc
 .text.udc_ep_buf_free
                0x000000000800cf56       0x1c zephyr/drivers/usb/udc/libdrivers__usb__udc.a(udc_common.c.obj)
                0x000000000800cf56                udc_ep_buf_free
 .text.udc_device_speed
                0x000000000800cf72       0x2c zephyr/drivers/usb/udc/libdrivers__usb__udc.a(udc_common.c.obj)
                0x000000000800cf72                udc_device_speed
 .text.udc_enable
                0x000000000800cf9e       0x5a zephyr/drivers/usb/udc/libdrivers__usb__udc.a(udc_common.c.obj)
                0x000000000800cf9e                udc_enable
 .text.udc_disable
                0x000000000800cff8       0x48 zephyr/drivers/usb/udc/libdrivers__usb__udc.a(udc_common.c.obj)
                0x000000000800cff8                udc_disable
 .text.udc_init
                0x000000000800d040       0x66 zephyr/drivers/usb/udc/libdrivers__usb__udc.a(udc_common.c.obj)
                0x000000000800d040                udc_init
 .text.udc_shutdown
                0x000000000800d0a6       0x56 zephyr/drivers/usb/udc/libdrivers__usb__udc.a(udc_common.c.obj)
                0x000000000800d0a6                udc_shutdown
 .text.udc_ctrl_submit_s_out_status
                0x000000000800d0fc       0x4c zephyr/drivers/usb/udc/libdrivers__usb__udc.a(udc_common.c.obj)
                0x000000000800d0fc                udc_ctrl_submit_s_out_status
 .text.udc_ctrl_submit_s_in_status
                0x000000000800d148       0x4c zephyr/drivers/usb/udc/libdrivers__usb__udc.a(udc_common.c.obj)
                0x000000000800d148                udc_ctrl_submit_s_in_status
 .text.udc_ctrl_submit_s_status
                0x000000000800d194       0x3e zephyr/drivers/usb/udc/libdrivers__usb__udc.a(udc_common.c.obj)
                0x000000000800d194                udc_ctrl_submit_s_status
 .text.udc_ctrl_submit_status
                0x000000000800d1d2        0xe zephyr/drivers/usb/udc/libdrivers__usb__udc.a(udc_common.c.obj)
                0x000000000800d1d2                udc_ctrl_submit_status
 .text.udc_ctrl_stage_is_data_out
                0x000000000800d1e0        0xe zephyr/drivers/usb/udc/libdrivers__usb__udc.a(udc_common.c.obj)
                0x000000000800d1e0                udc_ctrl_stage_is_data_out
 .text.udc_ctrl_stage_is_data_in
                0x000000000800d1ee        0xe zephyr/drivers/usb/udc/libdrivers__usb__udc.a(udc_common.c.obj)
                0x000000000800d1ee                udc_ctrl_stage_is_data_in
 .text.udc_ctrl_stage_is_status_out
                0x000000000800d1fc        0xe zephyr/drivers/usb/udc/libdrivers__usb__udc.a(udc_common.c.obj)
                0x000000000800d1fc                udc_ctrl_stage_is_status_out
 .text.udc_ctrl_stage_is_status_in
                0x000000000800d20a        0xe zephyr/drivers/usb/udc/libdrivers__usb__udc.a(udc_common.c.obj)
                0x000000000800d20a                udc_ctrl_stage_is_status_in
 .text.udc_ctrl_stage_is_no_data
                0x000000000800d218        0xe zephyr/drivers/usb/udc/libdrivers__usb__udc.a(udc_common.c.obj)
                0x000000000800d218                udc_ctrl_stage_is_no_data
 .text.gpio_pin_configure_dt
                0x000000000800d226       0x36 zephyr/drivers/usb/udc/libdrivers__usb__udc.a(udc_stm32.c.obj)
 .text.udc_stm32_device_speed
                0x000000000800d25c       0x1a zephyr/drivers/usb/udc/libdrivers__usb__udc.a(udc_stm32.c.obj)
 .text.udc_stm32_prep_out_ep0_rx
                0x000000000800d276       0x5c zephyr/drivers/usb/udc/libdrivers__usb__udc.a(udc_stm32.c.obj)
 .text.udc0_irq_connect
                0x000000000800d2d2        0xa zephyr/drivers/usb/udc/libdrivers__usb__udc.a(udc_stm32.c.obj)
 .text.z_log_msg_static_create.constprop.0
                0x000000000800d2dc        0x6 zephyr/drivers/usb/udc/libdrivers__usb__udc.a(udc_stm32.c.obj)
 .text.z_log_msg_simple_create_1.constprop.0
                0x000000000800d2e2        0xa zephyr/drivers/usb/udc/libdrivers__usb__udc.a(udc_stm32.c.obj)
 .text.z_log_msg_simple_create_0.constprop.0
                0x000000000800d2ec        0x8 zephyr/drivers/usb/udc/libdrivers__usb__udc.a(udc_stm32.c.obj)
 .text.udc_stm32_lock
                0x000000000800d2f4       0x10 zephyr/drivers/usb/udc/libdrivers__usb__udc.a(udc_stm32.c.obj)
 .text.udc_stm32_unlock
                0x000000000800d304        0x8 zephyr/drivers/usb/udc/libdrivers__usb__udc.a(udc_stm32.c.obj)
 .text.HAL_PCD_ResetCallback
                0x000000000800d30c       0x58 zephyr/drivers/usb/udc/libdrivers__usb__udc.a(udc_stm32.c.obj)
                0x000000000800d30c                HAL_PCD_ResetCallback
 .text.HAL_PCD_ConnectCallback
                0x000000000800d364        0xc zephyr/drivers/usb/udc/libdrivers__usb__udc.a(udc_stm32.c.obj)
                0x000000000800d364                HAL_PCD_ConnectCallback
 .text.HAL_PCD_DisconnectCallback
                0x000000000800d370        0xc zephyr/drivers/usb/udc/libdrivers__usb__udc.a(udc_stm32.c.obj)
                0x000000000800d370                HAL_PCD_DisconnectCallback
 .text.HAL_PCD_SuspendCallback
                0x000000000800d37c       0x1e zephyr/drivers/usb/udc/libdrivers__usb__udc.a(udc_stm32.c.obj)
                0x000000000800d37c                HAL_PCD_SuspendCallback
 .text.HAL_PCD_ResumeCallback
                0x000000000800d39a       0x1e zephyr/drivers/usb/udc/libdrivers__usb__udc.a(udc_stm32.c.obj)
                0x000000000800d39a                HAL_PCD_ResumeCallback
 .text.HAL_PCD_SOFCallback
                0x000000000800d3b8        0x2 zephyr/drivers/usb/udc/libdrivers__usb__udc.a(udc_stm32.c.obj)
                0x000000000800d3b8                HAL_PCD_SOFCallback
 .text.stm32_clock_control_on
                0x000000000800d3ba       0x44 zephyr/drivers/clock_control/libdrivers__clock_control.a(clock_stm32_ll_h7.c.obj)
 .text.stm32_clock_control_off
                0x000000000800d3fe       0x2e zephyr/drivers/clock_control/libdrivers__clock_control.a(clock_stm32_ll_h7.c.obj)
 .text.stm32_clock_control_configure
                0x000000000800d42c       0x58 zephyr/drivers/clock_control/libdrivers__clock_control.a(clock_stm32_ll_h7.c.obj)
 .text.gpio_stm32_port_get_raw
                0x000000000800d484        0xc zephyr/drivers/gpio/libdrivers__gpio.a(gpio_stm32.c.obj)
 .text.gpio_stm32_port_set_masked_raw
                0x000000000800d490       0x12 zephyr/drivers/gpio/libdrivers__gpio.a(gpio_stm32.c.obj)
 .text.gpio_stm32_port_set_bits_raw
                0x000000000800d4a2        0xa zephyr/drivers/gpio/libdrivers__gpio.a(gpio_stm32.c.obj)
 .text.gpio_stm32_port_clear_bits_raw
                0x000000000800d4ac        0xc zephyr/drivers/gpio/libdrivers__gpio.a(gpio_stm32.c.obj)
 .text.gpio_stm32_port_toggle_bits
                0x000000000800d4b8        0xe zephyr/drivers/gpio/libdrivers__gpio.a(gpio_stm32.c.obj)
 .text.gpio_stm32_manage_callback
                0x000000000800d4c6       0x52 zephyr/drivers/gpio/libdrivers__gpio.a(gpio_stm32.c.obj)
 .text.gpio_stm32_configure_raw.isra.0
                0x000000000800d518       0xa0 zephyr/drivers/gpio/libdrivers__gpio.a(gpio_stm32.c.obj)
 .text.gpio_stm32_config
                0x000000000800d5b8       0xd8 zephyr/drivers/gpio/libdrivers__gpio.a(gpio_stm32.c.obj)
 .text.gpio_stm32_isr
                0x000000000800d690       0x2c zephyr/drivers/gpio/libdrivers__gpio.a(gpio_stm32.c.obj)
 .text.gpio_stm32_configure
                0x000000000800d6bc       0x30 zephyr/drivers/gpio/libdrivers__gpio.a(gpio_stm32.c.obj)
                0x000000000800d6bc                gpio_stm32_configure
 .text.pinctrl_lookup_state
                0x000000000800d6ec       0x26 zephyr/drivers/pinctrl/libdrivers__pinctrl.a(common.c.obj)
                0x000000000800d6ec                pinctrl_lookup_state
 .text.reset_stm32_status
                0x000000000800d712       0x22 zephyr/drivers/reset/libdrivers__reset.a(reset_stm32.c.obj)
 .text.reset_stm32_line_assert
                0x000000000800d734       0x1c zephyr/drivers/reset/libdrivers__reset.a(reset_stm32.c.obj)
 .text.reset_stm32_line_deassert
                0x000000000800d750       0x1e zephyr/drivers/reset/libdrivers__reset.a(reset_stm32.c.obj)
 .text.reset_stm32_line_toggle
                0x000000000800d76e       0x16 zephyr/drivers/reset/libdrivers__reset.a(reset_stm32.c.obj)
 .text.uart_stm32_ll2cfg_databits
                0x000000000800d784       0x2a zephyr/drivers/serial/libdrivers__serial.a(uart_stm32.c.obj)
 .text.uart_stm32_err_check
                0x000000000800d7ae       0x5a zephyr/drivers/serial/libdrivers__serial.a(uart_stm32.c.obj)
 .text.uart_stm32_poll_out
                0x000000000800d808       0x36 zephyr/drivers/serial/libdrivers__serial.a(uart_stm32.c.obj)
 .text.uart_stm32_poll_in
                0x000000000800d83e       0x22 zephyr/drivers/serial/libdrivers__serial.a(uart_stm32.c.obj)
 .text.uart_stm32_config_get
                0x000000000800d860       0x92 zephyr/drivers/serial/libdrivers__serial.a(uart_stm32.c.obj)
 .text.HAL_PCD_MspInit
                0x000000000800d8f2        0x2 modules/hal_stm32/stm32cube/lib..__modules__hal__stm32__stm32cube.a(stm32h7xx_hal_pcd.c.obj)
                0x000000000800d8f2                HAL_PCD_MspInit